audited 250 / 830
audited 500 / 830
audited 750 / 830
{
  "audit_kind": "Independent source-free-label replay; direct event scans replace compiler calls.",
  "all_checks_passed": true,
  "counts": {
    "method_contexts_checked": 8300,
    "queries": 830,
    "parsed": 813,
    "parsed_all_fallback": 723,
    "parsed_all_fallback_stable": 723,
    "budget_equalities_checked": 4065,
    "unparsed": 17,
    "parsed_modeled": 90,
    "parsed_modeled_stable": 79,
    "parsed_modeled_unstable": 11,
    "worlds_checked": 22,
    "event_assignments_checked": 24816
  },
  "stable_at_budgets_fixed_modeled_cohort": {
    "1": {
      "stable": 87,
      "denominator": 90
    },
    "3": {
      "stable": 81,
      "denominator": 90
    },
    "5": {
      "stable": 79,
      "denominator": 90
    },
    "10": {
      "stable": 74,
      "denominator": 90
    },
    "20": {
      "stable": 66,
      "denominator": 90
    }
  },
  "counterworld_pairs": 11,
  "pairs_with_different_rendered_sources": 11,
  "counterworld_exclusion_reasons": {
    "start_after_query": 2,
    "retired_by_query_start": 9
  },
  "reader_questions": 60,
  "reader_logical_conditions": 600,
  "reader_unique_jobs": 193,
  "config_unchanged": true,
  "source_partition_words_preserved": true,
  "source_partition_nonoverlapping": true
}
