{
  "track": "context_sensitive_diagnostic",
  "n_questions": 11,
  "n_articles": 9,
  "n_logical_conditions": 110,
  "n_unique_generations_used": 45,
  "parse_failures_unique": 13,
  "metrics": {
    "earliest_completion": {
      "all_annotated_spans_covered_at_5": 0.45454545454545453,
      "all_annotated_strings_covered_at_5": 0.45454545454545453,
      "annotated_answer_set_f1": 0.2424242424242424,
      "annotated_answer_set_precision": 0.22727272727272727,
      "annotated_answer_set_recall": 0.2727272727272727,
      "annotated_answer_soft_f1": 0.32575757575757575,
      "annotated_answer_soft_precision": 0.3106060606060606,
      "annotated_answer_soft_recall": 0.356060606060606,
      "annotated_span_recall_at_5": 0.45454545454545453,
      "annotated_string_recall_at_5": 0.45454545454545453,
      "exact_annotated_answer_set": 0.18181818181818182,
      "parent_passage_hit_at_5": 0.5454545454545454,
      "passages_used": 4.636363636363637,
      "predicted_answer_count": 0.6363636363636364,
      "tokens_used": 380.8181818181818,
      "units_used": 5.0
    },
    "guaranteed_support": {
      "all_annotated_spans_covered_at_5": 0.45454545454545453,
      "all_annotated_strings_covered_at_5": 0.45454545454545453,
      "annotated_answer_set_f1": 0.2424242424242424,
      "annotated_answer_set_precision": 0.22727272727272727,
      "annotated_answer_set_recall": 0.2727272727272727,
      "annotated_answer_soft_f1": 0.3777056277056277,
      "annotated_answer_soft_precision": 0.3625541125541126,
      "annotated_answer_soft_recall": 0.408008658008658,
      "annotated_span_recall_at_5": 0.45454545454545453,
      "annotated_string_recall_at_5": 0.45454545454545453,
      "exact_annotated_answer_set": 0.18181818181818182,
      "parent_passage_hit_at_5": 0.5454545454545454,
      "passages_used": 4.636363636363637,
      "predicted_answer_count": 0.6363636363636364,
      "tokens_used": 383.3636363636364,
      "units_used": 5.0
    },
    "interval_outer_control": {
      "all_annotated_spans_covered_at_5": 0.36363636363636365,
      "all_annotated_strings_covered_at_5": 0.36363636363636365,
      "annotated_answer_set_f1": 0.0606060606060606,
      "annotated_answer_set_precision": 0.045454545454545456,
      "annotated_answer_set_recall": 0.09090909090909091,
      "annotated_answer_soft_f1": 0.1616161616161616,
      "annotated_answer_soft_precision": 0.14646464646464646,
      "annotated_answer_soft_recall": 0.19191919191919193,
      "annotated_span_recall_at_5": 0.36363636363636365,
      "annotated_string_recall_at_5": 0.36363636363636365,
      "exact_annotated_answer_set": 0.0,
      "parent_passage_hit_at_5": 0.5454545454545454,
      "passages_used": 4.454545454545454,
      "predicted_answer_count": 0.45454545454545453,
      "tokens_used": 308.09090909090907,
      "units_used": 5.0
    },
    "latest_completion": {
      "all_annotated_spans_covered_at_5": 0.36363636363636365,
      "all_annotated_strings_covered_at_5": 0.36363636363636365,
      "annotated_answer_set_f1": 0.0606060606060606,
      "annotated_answer_set_precision": 0.045454545454545456,
      "annotated_answer_set_recall": 0.09090909090909091,
      "annotated_answer_soft_f1": 0.21356421356421354,
      "annotated_answer_soft_precision": 0.1984126984126984,
      "annotated_answer_soft_recall": 0.24386724386724384,
      "annotated_span_recall_at_5": 0.36363636363636365,
      "annotated_string_recall_at_5": 0.36363636363636365,
      "exact_annotated_answer_set": 0.0,
      "parent_passage_hit_at_5": 0.5454545454545454,
      "passages_used": 4.454545454545454,
      "predicted_answer_count": 0.45454545454545453,
      "tokens_used": 310.6363636363636,
      "units_used": 5.0
    },
    "latest_mentioned_year_top20": {
      "all_annotated_spans_covered_at_5": 0.45454545454545453,
      "all_annotated_strings_covered_at_5": 0.45454545454545453,
      "annotated_answer_set_f1": 0.0,
      "annotated_answer_set_precision": 0.0,
      "annotated_answer_set_recall": 0.0,
      "annotated_answer_soft_f1": 0.12373737373737374,
      "annotated_answer_soft_precision": 0.12373737373737374,
      "annotated_answer_soft_recall": 0.12373737373737374,
      "annotated_span_recall_at_5": 0.45454545454545453,
      "annotated_string_recall_at_5": 0.45454545454545453,
      "exact_annotated_answer_set": 0.0,
      "parent_passage_hit_at_5": 0.5454545454545454,
      "passages_used": 4.636363636363637,
      "predicted_answer_count": 0.5454545454545454,
      "tokens_used": 260.45454545454544,
      "units_used": 5.0
    },
    "midpoint_completion": {
      "all_annotated_spans_covered_at_5": 0.36363636363636365,
      "all_annotated_strings_covered_at_5": 0.36363636363636365,
      "annotated_answer_set_f1": 0.0606060606060606,
      "annotated_answer_set_precision": 0.045454545454545456,
      "annotated_answer_set_recall": 0.09090909090909091,
      "annotated_answer_soft_f1": 0.1616161616161616,
      "annotated_answer_soft_precision": 0.14646464646464646,
      "annotated_answer_soft_recall": 0.19191919191919193,
      "annotated_span_recall_at_5": 0.36363636363636365,
      "annotated_string_recall_at_5": 0.36363636363636365,
      "exact_annotated_answer_set": 0.0,
      "parent_passage_hit_at_5": 0.45454545454545453,
      "passages_used": 4.454545454545454,
      "predicted_answer_count": 0.45454545454545453,
      "tokens_used": 319.45454545454544,
      "units_used": 5.0
    },
    "no_temporal_filter": {
      "all_annotated_spans_covered_at_5": 0.36363636363636365,
      "all_annotated_strings_covered_at_5": 0.36363636363636365,
      "annotated_answer_set_f1": 0.0,
      "annotated_answer_set_precision": 0.0,
      "annotated_answer_set_recall": 0.0,
      "annotated_answer_soft_f1": 0.10101010101010101,
      "annotated_answer_soft_precision": 0.10101010101010101,
      "annotated_answer_soft_recall": 0.10101010101010101,
      "annotated_span_recall_at_5": 0.36363636363636365,
      "annotated_string_recall_at_5": 0.36363636363636365,
      "exact_annotated_answer_set": 0.0,
      "parent_passage_hit_at_5": 0.5454545454545454,
      "passages_used": 4.454545454545454,
      "predicted_answer_count": 0.36363636363636365,
      "tokens_used": 291.1818181818182,
      "units_used": 5.0
    },
    "original_bm25": {
      "all_annotated_spans_covered_at_5": 0.2727272727272727,
      "all_annotated_strings_covered_at_5": 0.2727272727272727,
      "annotated_answer_set_f1": 0.09090909090909091,
      "annotated_answer_set_precision": 0.09090909090909091,
      "annotated_answer_set_recall": 0.09090909090909091,
      "annotated_answer_soft_f1": 0.19191919191919193,
      "annotated_answer_soft_precision": 0.19191919191919193,
      "annotated_answer_soft_recall": 0.19191919191919193,
      "annotated_span_recall_at_5": 0.2727272727272727,
      "annotated_string_recall_at_5": 0.2727272727272727,
      "exact_annotated_answer_set": 0.09090909090909091,
      "parent_passage_hit_at_5": 0.5454545454545454,
      "passages_used": 4.636363636363637,
      "predicted_answer_count": 0.45454545454545453,
      "tokens_used": 191.0909090909091,
      "units_used": 5.0
    },
    "original_bm25_latestyear": {
      "all_annotated_spans_covered_at_5": 0.36363636363636365,
      "all_annotated_strings_covered_at_5": 0.36363636363636365,
      "annotated_answer_set_f1": 0.0,
      "annotated_answer_set_precision": 0.0,
      "annotated_answer_set_recall": 0.0,
      "annotated_answer_soft_f1": 0.10101010101010101,
      "annotated_answer_soft_precision": 0.10101010101010101,
      "annotated_answer_soft_recall": 0.10101010101010101,
      "annotated_span_recall_at_5": 0.36363636363636365,
      "annotated_string_recall_at_5": 0.36363636363636365,
      "exact_annotated_answer_set": 0.0,
      "parent_passage_hit_at_5": 0.45454545454545453,
      "passages_used": 4.636363636363637,
      "predicted_answer_count": 0.36363636363636365,
      "tokens_used": 242.1818181818182,
      "units_used": 5.0
    },
    "possible_support": {
      "all_annotated_spans_covered_at_5": 0.36363636363636365,
      "all_annotated_strings_covered_at_5": 0.36363636363636365,
      "annotated_answer_set_f1": 0.0606060606060606,
      "annotated_answer_set_precision": 0.045454545454545456,
      "annotated_answer_set_recall": 0.09090909090909091,
      "annotated_answer_soft_f1": 0.1616161616161616,
      "annotated_answer_soft_precision": 0.14646464646464646,
      "annotated_answer_soft_recall": 0.19191919191919193,
      "annotated_span_recall_at_5": 0.36363636363636365,
      "annotated_string_recall_at_5": 0.36363636363636365,
      "exact_annotated_answer_set": 0.0,
      "parent_passage_hit_at_5": 0.5454545454545454,
      "passages_used": 4.454545454545454,
      "predicted_answer_count": 0.45454545454545453,
      "tokens_used": 308.09090909090907,
      "units_used": 5.0
    }
  },
  "answer_changes": {
    "earliest_completion__latest_completion": {
      "queries": 6,
      "denominator": 11,
      "fraction": 0.5454545454545454
    },
    "possible_support__guaranteed_support": {
      "queries": 6,
      "denominator": 11,
      "fraction": 0.5454545454545454
    },
    "possible_support__interval_outer_control": {
      "queries": 0,
      "denominator": 11,
      "fraction": 0.0
    },
    "possible_support__latest_mentioned_year_top20": {
      "queries": 3,
      "denominator": 11,
      "fraction": 0.2727272727272727
    },
    "no_temporal_filter__original_bm25_latestyear": {
      "queries": 1,
      "denominator": 11,
      "fraction": 0.09090909090909091
    },
    "no_temporal_filter__original_bm25": {
      "queries": 2,
      "denominator": 11,
      "fraction": 0.18181818181818182
    },
    "possible_support__original_bm25_latestyear": {
      "queries": 1,
      "denominator": 11,
      "fraction": 0.09090909090909091
    },
    "latest_mentioned_year_top20__original_bm25_latestyear": {
      "queries": 2,
      "denominator": 11,
      "fraction": 0.18181818181818182
    }
  }
}
