{
  "track": "human_confirmation",
  "n_questions": 60,
  "n_articles": 55,
  "n_logical_conditions": 600,
  "n_unique_generations_used": 193,
  "parse_failures_unique": 75,
  "metrics": {
    "earliest_completion": {
      "all_annotated_spans_covered_at_5": 0.5333333333333333,
      "all_annotated_strings_covered_at_5": 0.5333333333333333,
      "annotated_answer_set_f1": 0.2,
      "annotated_answer_set_precision": 0.2,
      "annotated_answer_set_recall": 0.2,
      "annotated_answer_soft_f1": 0.27999007936507936,
      "annotated_answer_soft_precision": 0.27999007936507936,
      "annotated_answer_soft_recall": 0.27999007936507936,
      "annotated_span_recall_at_5": 0.5333333333333333,
      "annotated_string_recall_at_5": 0.5333333333333333,
      "exact_annotated_answer_set": 0.2,
      "parent_passage_hit_at_5": 0.55,
      "passages_used": 4.95,
      "predicted_answer_count": 0.4166666666666667,
      "tokens_used": 346.7,
      "units_used": 5.0
    },
    "guaranteed_support": {
      "all_annotated_spans_covered_at_5": 0.5333333333333333,
      "all_annotated_strings_covered_at_5": 0.5333333333333333,
      "annotated_answer_set_f1": 0.2,
      "annotated_answer_set_precision": 0.2,
      "annotated_answer_set_recall": 0.2,
      "annotated_answer_soft_f1": 0.27999007936507936,
      "annotated_answer_soft_precision": 0.27999007936507936,
      "annotated_answer_soft_recall": 0.27999007936507936,
      "annotated_span_recall_at_5": 0.5333333333333333,
      "annotated_string_recall_at_5": 0.5333333333333333,
      "exact_annotated_answer_set": 0.2,
      "parent_passage_hit_at_5": 0.55,
      "passages_used": 4.95,
      "predicted_answer_count": 0.4166666666666667,
      "tokens_used": 346.7,
      "units_used": 5.0
    },
    "interval_outer_control": {
      "all_annotated_spans_covered_at_5": 0.5333333333333333,
      "all_annotated_strings_covered_at_5": 0.5333333333333333,
      "annotated_answer_set_f1": 0.2,
      "annotated_answer_set_precision": 0.2,
      "annotated_answer_set_recall": 0.2,
      "annotated_answer_soft_f1": 0.27999007936507936,
      "annotated_answer_soft_precision": 0.27999007936507936,
      "annotated_answer_soft_recall": 0.27999007936507936,
      "annotated_span_recall_at_5": 0.5333333333333333,
      "annotated_string_recall_at_5": 0.5333333333333333,
      "exact_annotated_answer_set": 0.2,
      "parent_passage_hit_at_5": 0.55,
      "passages_used": 4.95,
      "predicted_answer_count": 0.4166666666666667,
      "tokens_used": 346.7,
      "units_used": 5.0
    },
    "latest_completion": {
      "all_annotated_spans_covered_at_5": 0.5333333333333333,
      "all_annotated_strings_covered_at_5": 0.5333333333333333,
      "annotated_answer_set_f1": 0.2,
      "annotated_answer_set_precision": 0.2,
      "annotated_answer_set_recall": 0.2,
      "annotated_answer_soft_f1": 0.27999007936507936,
      "annotated_answer_soft_precision": 0.27999007936507936,
      "annotated_answer_soft_recall": 0.27999007936507936,
      "annotated_span_recall_at_5": 0.5333333333333333,
      "annotated_string_recall_at_5": 0.5333333333333333,
      "exact_annotated_answer_set": 0.2,
      "parent_passage_hit_at_5": 0.55,
      "passages_used": 4.95,
      "predicted_answer_count": 0.4166666666666667,
      "tokens_used": 346.7,
      "units_used": 5.0
    },
    "latest_mentioned_year_top20": {
      "all_annotated_spans_covered_at_5": 0.6333333333333333,
      "all_annotated_strings_covered_at_5": 0.6333333333333333,
      "annotated_answer_set_f1": 0.21666666666666667,
      "annotated_answer_set_precision": 0.21666666666666667,
      "annotated_answer_set_recall": 0.21666666666666667,
      "annotated_answer_soft_f1": 0.30186507936507934,
      "annotated_answer_soft_precision": 0.30186507936507934,
      "annotated_answer_soft_recall": 0.30186507936507934,
      "annotated_span_recall_at_5": 0.6333333333333333,
      "annotated_string_recall_at_5": 0.6333333333333333,
      "exact_annotated_answer_set": 0.21666666666666667,
      "parent_passage_hit_at_5": 0.65,
      "passages_used": 4.916666666666667,
      "predicted_answer_count": 0.45,
      "tokens_used": 361.1333333333333,
      "units_used": 4.966666666666667
    },
    "midpoint_completion": {
      "all_annotated_spans_covered_at_5": 0.5333333333333333,
      "all_annotated_strings_covered_at_5": 0.5333333333333333,
      "annotated_answer_set_f1": 0.2,
      "annotated_answer_set_precision": 0.2,
      "annotated_answer_set_recall": 0.2,
      "annotated_answer_soft_f1": 0.27999007936507936,
      "annotated_answer_soft_precision": 0.27999007936507936,
      "annotated_answer_soft_recall": 0.27999007936507936,
      "annotated_span_recall_at_5": 0.5333333333333333,
      "annotated_string_recall_at_5": 0.5333333333333333,
      "exact_annotated_answer_set": 0.2,
      "parent_passage_hit_at_5": 0.55,
      "passages_used": 4.95,
      "predicted_answer_count": 0.4166666666666667,
      "tokens_used": 346.7,
      "units_used": 5.0
    },
    "no_temporal_filter": {
      "all_annotated_spans_covered_at_5": 0.5333333333333333,
      "all_annotated_strings_covered_at_5": 0.5333333333333333,
      "annotated_answer_set_f1": 0.21666666666666667,
      "annotated_answer_set_precision": 0.21666666666666667,
      "annotated_answer_set_recall": 0.21666666666666667,
      "annotated_answer_soft_f1": 0.296656746031746,
      "annotated_answer_soft_precision": 0.296656746031746,
      "annotated_answer_soft_recall": 0.296656746031746,
      "annotated_span_recall_at_5": 0.5333333333333333,
      "annotated_string_recall_at_5": 0.5333333333333333,
      "exact_annotated_answer_set": 0.21666666666666667,
      "parent_passage_hit_at_5": 0.55,
      "passages_used": 4.933333333333334,
      "predicted_answer_count": 0.43333333333333335,
      "tokens_used": 346.35,
      "units_used": 5.0
    },
    "original_bm25": {
      "all_annotated_spans_covered_at_5": 0.43333333333333335,
      "all_annotated_strings_covered_at_5": 0.43333333333333335,
      "annotated_answer_set_f1": 0.18333333333333332,
      "annotated_answer_set_precision": 0.18333333333333332,
      "annotated_answer_set_recall": 0.18333333333333332,
      "annotated_answer_soft_f1": 0.23887896825396826,
      "annotated_answer_soft_precision": 0.23887896825396826,
      "annotated_answer_soft_recall": 0.23887896825396826,
      "annotated_span_recall_at_5": 0.43333333333333335,
      "annotated_string_recall_at_5": 0.43333333333333335,
      "exact_annotated_answer_set": 0.18333333333333332,
      "parent_passage_hit_at_5": 0.45,
      "passages_used": 4.933333333333334,
      "predicted_answer_count": 0.4166666666666667,
      "tokens_used": 174.16666666666666,
      "units_used": 5.0
    },
    "original_bm25_latestyear": {
      "all_annotated_spans_covered_at_5": 0.48333333333333334,
      "all_annotated_strings_covered_at_5": 0.48333333333333334,
      "annotated_answer_set_f1": 0.15,
      "annotated_answer_set_precision": 0.15,
      "annotated_answer_set_recall": 0.15,
      "annotated_answer_soft_f1": 0.1936904761904762,
      "annotated_answer_soft_precision": 0.1936904761904762,
      "annotated_answer_soft_recall": 0.1936904761904762,
      "annotated_span_recall_at_5": 0.48333333333333334,
      "annotated_string_recall_at_5": 0.48333333333333334,
      "exact_annotated_answer_set": 0.15,
      "parent_passage_hit_at_5": 0.5,
      "passages_used": 4.95,
      "predicted_answer_count": 0.2833333333333333,
      "tokens_used": 234.13333333333333,
      "units_used": 5.0
    },
    "possible_support": {
      "all_annotated_spans_covered_at_5": 0.5333333333333333,
      "all_annotated_strings_covered_at_5": 0.5333333333333333,
      "annotated_answer_set_f1": 0.2,
      "annotated_answer_set_precision": 0.2,
      "annotated_answer_set_recall": 0.2,
      "annotated_answer_soft_f1": 0.27999007936507936,
      "annotated_answer_soft_precision": 0.27999007936507936,
      "annotated_answer_soft_recall": 0.27999007936507936,
      "annotated_span_recall_at_5": 0.5333333333333333,
      "annotated_string_recall_at_5": 0.5333333333333333,
      "exact_annotated_answer_set": 0.2,
      "parent_passage_hit_at_5": 0.55,
      "passages_used": 4.95,
      "predicted_answer_count": 0.4166666666666667,
      "tokens_used": 346.7,
      "units_used": 5.0
    }
  },
  "answer_changes": {
    "earliest_completion__latest_completion": {
      "queries": 0,
      "denominator": 60,
      "fraction": 0.0
    },
    "possible_support__guaranteed_support": {
      "queries": 0,
      "denominator": 60,
      "fraction": 0.0
    },
    "possible_support__interval_outer_control": {
      "queries": 0,
      "denominator": 60,
      "fraction": 0.0
    },
    "possible_support__latest_mentioned_year_top20": {
      "queries": 18,
      "denominator": 60,
      "fraction": 0.3
    },
    "no_temporal_filter__original_bm25_latestyear": {
      "queries": 16,
      "denominator": 60,
      "fraction": 0.26666666666666666
    },
    "no_temporal_filter__original_bm25": {
      "queries": 18,
      "denominator": 60,
      "fraction": 0.3
    },
    "possible_support__original_bm25_latestyear": {
      "queries": 17,
      "denominator": 60,
      "fraction": 0.2833333333333333
    },
    "latest_mentioned_year_top20__original_bm25_latestyear": {
      "queries": 19,
      "denominator": 60,
      "fraction": 0.31666666666666665
    }
  }
}
