{
  "track": "completion_sensitive_diagnostic",
  "n_questions": 9,
  "n_articles": 7,
  "n_logical_conditions": 72,
  "n_unique_generations_used": 28,
  "parse_failures_unique": 0,
  "metrics": {
    "earliest_completion": {
      "all_annotated_spans_covered_at_5": 0.4444444444444444,
      "all_annotated_strings_covered_at_5": 0.4444444444444444,
      "annotated_answer_set_f1": 0.3333333333333333,
      "annotated_answer_set_precision": 0.3333333333333333,
      "annotated_answer_set_recall": 0.3333333333333333,
      "annotated_answer_soft_f1": 0.3888888888888889,
      "annotated_answer_soft_precision": 0.3888888888888889,
      "annotated_answer_soft_recall": 0.3888888888888889,
      "annotated_span_recall_at_5": 0.4444444444444444,
      "annotated_string_recall_at_5": 0.4444444444444444,
      "annotated_support_removed": 0.0,
      "exact_annotated_answer_set": 0.3333333333333333,
      "parent_passage_hit_at_5": 0.4444444444444444,
      "passages_used": 5.0,
      "predicted_answer_count": 1.0,
      "tokens_used": 161.22222222222223,
      "units_used": 5.0
    },
    "guaranteed_support": {
      "all_annotated_spans_covered_at_5": 0.4444444444444444,
      "all_annotated_strings_covered_at_5": 0.4444444444444444,
      "annotated_answer_set_f1": 0.3333333333333333,
      "annotated_answer_set_precision": 0.3333333333333333,
      "annotated_answer_set_recall": 0.3333333333333333,
      "annotated_answer_soft_f1": 0.3888888888888889,
      "annotated_answer_soft_precision": 0.3888888888888889,
      "annotated_answer_soft_recall": 0.3888888888888889,
      "annotated_span_recall_at_5": 0.4444444444444444,
      "annotated_string_recall_at_5": 0.4444444444444444,
      "annotated_support_removed": 0.0,
      "exact_annotated_answer_set": 0.3333333333333333,
      "parent_passage_hit_at_5": 0.4444444444444444,
      "passages_used": 5.0,
      "predicted_answer_count": 1.0,
      "tokens_used": 161.22222222222223,
      "units_used": 5.0
    },
    "interval_outer_control": {
      "all_annotated_spans_covered_at_5": 0.3333333333333333,
      "all_annotated_strings_covered_at_5": 0.3333333333333333,
      "annotated_answer_set_f1": 0.3333333333333333,
      "annotated_answer_set_precision": 0.3333333333333333,
      "annotated_answer_set_recall": 0.3333333333333333,
      "annotated_answer_soft_f1": 0.4166666666666667,
      "annotated_answer_soft_precision": 0.4166666666666667,
      "annotated_answer_soft_recall": 0.4166666666666667,
      "annotated_span_recall_at_5": 0.3333333333333333,
      "annotated_string_recall_at_5": 0.3333333333333333,
      "annotated_support_removed": 0.0,
      "exact_annotated_answer_set": 0.3333333333333333,
      "parent_passage_hit_at_5": 0.4444444444444444,
      "passages_used": 4.444444444444445,
      "predicted_answer_count": 0.8888888888888888,
      "tokens_used": 130.88888888888889,
      "units_used": 5.0
    },
    "latest_completion": {
      "all_annotated_spans_covered_at_5": 0.3333333333333333,
      "all_annotated_strings_covered_at_5": 0.3333333333333333,
      "annotated_answer_set_f1": 0.3333333333333333,
      "annotated_answer_set_precision": 0.3333333333333333,
      "annotated_answer_set_recall": 0.3333333333333333,
      "annotated_answer_soft_f1": 0.4166666666666667,
      "annotated_answer_soft_precision": 0.4166666666666667,
      "annotated_answer_soft_recall": 0.4166666666666667,
      "annotated_span_recall_at_5": 0.3333333333333333,
      "annotated_string_recall_at_5": 0.3333333333333333,
      "annotated_support_removed": 0.0,
      "exact_annotated_answer_set": 0.3333333333333333,
      "parent_passage_hit_at_5": 0.4444444444444444,
      "passages_used": 4.444444444444445,
      "predicted_answer_count": 0.8888888888888888,
      "tokens_used": 130.88888888888889,
      "units_used": 5.0
    },
    "latest_mentioned_year_top20": {
      "all_annotated_spans_covered_at_5": 0.5555555555555556,
      "all_annotated_strings_covered_at_5": 0.5555555555555556,
      "annotated_answer_set_f1": 0.3333333333333333,
      "annotated_answer_set_precision": 0.3333333333333333,
      "annotated_answer_set_recall": 0.3333333333333333,
      "annotated_answer_soft_f1": 0.3888888888888889,
      "annotated_answer_soft_precision": 0.3888888888888889,
      "annotated_answer_soft_recall": 0.3888888888888889,
      "annotated_span_recall_at_5": 0.5555555555555556,
      "annotated_string_recall_at_5": 0.5555555555555556,
      "annotated_support_removed": 0.0,
      "exact_annotated_answer_set": 0.3333333333333333,
      "parent_passage_hit_at_5": 0.6666666666666666,
      "passages_used": 4.222222222222222,
      "predicted_answer_count": 0.8888888888888888,
      "tokens_used": 228.33333333333334,
      "units_used": 5.0
    },
    "midpoint_completion": {
      "all_annotated_spans_covered_at_5": 0.4444444444444444,
      "all_annotated_strings_covered_at_5": 0.4444444444444444,
      "annotated_answer_set_f1": 0.3333333333333333,
      "annotated_answer_set_precision": 0.3333333333333333,
      "annotated_answer_set_recall": 0.3333333333333333,
      "annotated_answer_soft_f1": 0.4166666666666667,
      "annotated_answer_soft_precision": 0.4166666666666667,
      "annotated_answer_soft_recall": 0.4166666666666667,
      "annotated_span_recall_at_5": 0.4444444444444444,
      "annotated_string_recall_at_5": 0.4444444444444444,
      "annotated_support_removed": 0.0,
      "exact_annotated_answer_set": 0.3333333333333333,
      "parent_passage_hit_at_5": 0.5555555555555556,
      "passages_used": 4.555555555555555,
      "predicted_answer_count": 0.8888888888888888,
      "tokens_used": 138.33333333333334,
      "units_used": 5.0
    },
    "no_temporal_filter": {
      "all_annotated_spans_covered_at_5": 0.3333333333333333,
      "all_annotated_strings_covered_at_5": 0.3333333333333333,
      "annotated_answer_set_f1": 0.3333333333333333,
      "annotated_answer_set_precision": 0.3333333333333333,
      "annotated_answer_set_recall": 0.3333333333333333,
      "annotated_answer_soft_f1": 0.4166666666666667,
      "annotated_answer_soft_precision": 0.4166666666666667,
      "annotated_answer_soft_recall": 0.4166666666666667,
      "annotated_span_recall_at_5": 0.3333333333333333,
      "annotated_string_recall_at_5": 0.3333333333333333,
      "annotated_support_removed": 0.0,
      "exact_annotated_answer_set": 0.3333333333333333,
      "parent_passage_hit_at_5": 0.4444444444444444,
      "passages_used": 4.444444444444445,
      "predicted_answer_count": 0.8888888888888888,
      "tokens_used": 131.66666666666666,
      "units_used": 5.0
    },
    "possible_support": {
      "all_annotated_spans_covered_at_5": 0.3333333333333333,
      "all_annotated_strings_covered_at_5": 0.3333333333333333,
      "annotated_answer_set_f1": 0.3333333333333333,
      "annotated_answer_set_precision": 0.3333333333333333,
      "annotated_answer_set_recall": 0.3333333333333333,
      "annotated_answer_soft_f1": 0.4166666666666667,
      "annotated_answer_soft_precision": 0.4166666666666667,
      "annotated_answer_soft_recall": 0.4166666666666667,
      "annotated_span_recall_at_5": 0.3333333333333333,
      "annotated_string_recall_at_5": 0.3333333333333333,
      "annotated_support_removed": 0.0,
      "exact_annotated_answer_set": 0.3333333333333333,
      "parent_passage_hit_at_5": 0.4444444444444444,
      "passages_used": 4.444444444444445,
      "predicted_answer_count": 0.8888888888888888,
      "tokens_used": 130.88888888888889,
      "units_used": 5.0
    }
  },
  "answer_changes": {
    "earliest_completion__latest_completion": {
      "queries": 4,
      "denominator": 9,
      "fraction": 0.4444444444444444
    },
    "possible_support__guaranteed_support": {
      "queries": 4,
      "denominator": 9,
      "fraction": 0.4444444444444444
    },
    "possible_support__interval_outer_control": {
      "queries": 0,
      "denominator": 9,
      "fraction": 0.0
    },
    "possible_support__latest_mentioned_year_top20": {
      "queries": 2,
      "denominator": 9,
      "fraction": 0.2222222222222222
    }
  }
}
