{
  "track": "hash_pilot",
  "n_questions": 24,
  "n_articles": 21,
  "n_logical_conditions": 192,
  "n_unique_generations_used": 52,
  "parse_failures_unique": 0,
  "metrics": {
    "earliest_completion": {
      "all_annotated_spans_covered_at_5": 0.4166666666666667,
      "all_annotated_strings_covered_at_5": 0.4166666666666667,
      "annotated_answer_set_f1": 0.3194444444444445,
      "annotated_answer_set_precision": 0.3333333333333333,
      "annotated_answer_set_recall": 0.3125,
      "annotated_answer_soft_f1": 0.38359788359788355,
      "annotated_answer_soft_precision": 0.41534391534391535,
      "annotated_answer_soft_recall": 0.3707010582010582,
      "annotated_span_recall_at_5": 0.4375,
      "annotated_string_recall_at_5": 0.4375,
      "annotated_support_removed": 0.041666666666666664,
      "exact_annotated_answer_set": 0.2916666666666667,
      "parent_passage_hit_at_5": 0.4583333333333333,
      "passages_used": 4.958333333333333,
      "predicted_answer_count": 1.0,
      "tokens_used": 128.66666666666666,
      "units_used": 5.0
    },
    "guaranteed_support": {
      "all_annotated_spans_covered_at_5": 0.4166666666666667,
      "all_annotated_strings_covered_at_5": 0.4166666666666667,
      "annotated_answer_set_f1": 0.3194444444444445,
      "annotated_answer_set_precision": 0.3333333333333333,
      "annotated_answer_set_recall": 0.3125,
      "annotated_answer_soft_f1": 0.38359788359788355,
      "annotated_answer_soft_precision": 0.41534391534391535,
      "annotated_answer_soft_recall": 0.3707010582010582,
      "annotated_span_recall_at_5": 0.4375,
      "annotated_string_recall_at_5": 0.4375,
      "annotated_support_removed": 0.041666666666666664,
      "exact_annotated_answer_set": 0.2916666666666667,
      "parent_passage_hit_at_5": 0.4583333333333333,
      "passages_used": 4.958333333333333,
      "predicted_answer_count": 1.0,
      "tokens_used": 128.66666666666666,
      "units_used": 5.0
    },
    "interval_outer_control": {
      "all_annotated_spans_covered_at_5": 0.4166666666666667,
      "all_annotated_strings_covered_at_5": 0.4166666666666667,
      "annotated_answer_set_f1": 0.3194444444444445,
      "annotated_answer_set_precision": 0.3333333333333333,
      "annotated_answer_set_recall": 0.3125,
      "annotated_answer_soft_f1": 0.38359788359788355,
      "annotated_answer_soft_precision": 0.41534391534391535,
      "annotated_answer_soft_recall": 0.3707010582010582,
      "annotated_span_recall_at_5": 0.4375,
      "annotated_string_recall_at_5": 0.4375,
      "annotated_support_removed": 0.041666666666666664,
      "exact_annotated_answer_set": 0.2916666666666667,
      "parent_passage_hit_at_5": 0.4583333333333333,
      "passages_used": 4.916666666666667,
      "predicted_answer_count": 1.0,
      "tokens_used": 128.04166666666666,
      "units_used": 5.0
    },
    "latest_completion": {
      "all_annotated_spans_covered_at_5": 0.4166666666666667,
      "all_annotated_strings_covered_at_5": 0.4166666666666667,
      "annotated_answer_set_f1": 0.3194444444444445,
      "annotated_answer_set_precision": 0.3333333333333333,
      "annotated_answer_set_recall": 0.3125,
      "annotated_answer_soft_f1": 0.38359788359788355,
      "annotated_answer_soft_precision": 0.41534391534391535,
      "annotated_answer_soft_recall": 0.3707010582010582,
      "annotated_span_recall_at_5": 0.4375,
      "annotated_string_recall_at_5": 0.4375,
      "annotated_support_removed": 0.041666666666666664,
      "exact_annotated_answer_set": 0.2916666666666667,
      "parent_passage_hit_at_5": 0.4583333333333333,
      "passages_used": 4.916666666666667,
      "predicted_answer_count": 1.0,
      "tokens_used": 128.04166666666666,
      "units_used": 5.0
    },
    "latest_mentioned_year_top20": {
      "all_annotated_spans_covered_at_5": 0.4583333333333333,
      "all_annotated_strings_covered_at_5": 0.4583333333333333,
      "annotated_answer_set_f1": 0.3194444444444445,
      "annotated_answer_set_precision": 0.3333333333333333,
      "annotated_answer_set_recall": 0.3125,
      "annotated_answer_soft_f1": 0.3527777777777778,
      "annotated_answer_soft_precision": 0.3666666666666667,
      "annotated_answer_soft_recall": 0.3458333333333334,
      "annotated_span_recall_at_5": 0.4583333333333333,
      "annotated_string_recall_at_5": 0.4583333333333333,
      "annotated_support_removed": 0.0,
      "exact_annotated_answer_set": 0.2916666666666667,
      "parent_passage_hit_at_5": 0.5,
      "passages_used": 4.916666666666667,
      "predicted_answer_count": 1.0,
      "tokens_used": 207.08333333333334,
      "units_used": 5.0
    },
    "midpoint_completion": {
      "all_annotated_spans_covered_at_5": 0.4166666666666667,
      "all_annotated_strings_covered_at_5": 0.4166666666666667,
      "annotated_answer_set_f1": 0.3194444444444445,
      "annotated_answer_set_precision": 0.3333333333333333,
      "annotated_answer_set_recall": 0.3125,
      "annotated_answer_soft_f1": 0.38359788359788355,
      "annotated_answer_soft_precision": 0.41534391534391535,
      "annotated_answer_soft_recall": 0.3707010582010582,
      "annotated_span_recall_at_5": 0.4375,
      "annotated_string_recall_at_5": 0.4375,
      "annotated_support_removed": 0.041666666666666664,
      "exact_annotated_answer_set": 0.2916666666666667,
      "parent_passage_hit_at_5": 0.4583333333333333,
      "passages_used": 4.958333333333333,
      "predicted_answer_count": 1.0,
      "tokens_used": 128.66666666666666,
      "units_used": 5.0
    },
    "no_temporal_filter": {
      "all_annotated_spans_covered_at_5": 0.4166666666666667,
      "all_annotated_strings_covered_at_5": 0.4166666666666667,
      "annotated_answer_set_f1": 0.3194444444444445,
      "annotated_answer_set_precision": 0.3333333333333333,
      "annotated_answer_set_recall": 0.3125,
      "annotated_answer_soft_f1": 0.38359788359788355,
      "annotated_answer_soft_precision": 0.41534391534391535,
      "annotated_answer_soft_recall": 0.3707010582010582,
      "annotated_span_recall_at_5": 0.4375,
      "annotated_string_recall_at_5": 0.4375,
      "annotated_support_removed": 0.0,
      "exact_annotated_answer_set": 0.2916666666666667,
      "parent_passage_hit_at_5": 0.5,
      "passages_used": 4.916666666666667,
      "predicted_answer_count": 1.0,
      "tokens_used": 129.375,
      "units_used": 5.0
    },
    "possible_support": {
      "all_annotated_spans_covered_at_5": 0.4166666666666667,
      "all_annotated_strings_covered_at_5": 0.4166666666666667,
      "annotated_answer_set_f1": 0.3194444444444445,
      "annotated_answer_set_precision": 0.3333333333333333,
      "annotated_answer_set_recall": 0.3125,
      "annotated_answer_soft_f1": 0.38359788359788355,
      "annotated_answer_soft_precision": 0.41534391534391535,
      "annotated_answer_soft_recall": 0.3707010582010582,
      "annotated_span_recall_at_5": 0.4375,
      "annotated_string_recall_at_5": 0.4375,
      "annotated_support_removed": 0.041666666666666664,
      "exact_annotated_answer_set": 0.2916666666666667,
      "parent_passage_hit_at_5": 0.4583333333333333,
      "passages_used": 4.916666666666667,
      "predicted_answer_count": 1.0,
      "tokens_used": 128.04166666666666,
      "units_used": 5.0
    }
  },
  "answer_changes": {
    "earliest_completion__latest_completion": {
      "queries": 0,
      "denominator": 24,
      "fraction": 0.0
    },
    "possible_support__guaranteed_support": {
      "queries": 0,
      "denominator": 24,
      "fraction": 0.0
    },
    "possible_support__interval_outer_control": {
      "queries": 0,
      "denominator": 24,
      "fraction": 0.0
    },
    "possible_support__latest_mentioned_year_top20": {
      "queries": 14,
      "denominator": 24,
      "fraction": 0.5833333333333334
    }
  }
}
