RUN pass5/protocol/verify_freeze.py --output pass5/protocol/freeze_verification.json
{
  "run_id": "acl2027-pass5-source-revision-v1",
  "freeze_sha256": "60e43df70592982ad6883f6ce042b3431e3b886c90e7bf383427d018acac4243",
  "resource_amendment_files_checked": 0,
  "original_hash_exceptions_allowed": 0,
  "checked_files": 35,
  "failures": [],
  "all_files_match": true
}
RUN pass5/pipeline/run_matched.py --passages pass3/protocol/test_source_passages.jsonl --queries pass5/protocol/human_test_confirmation_queries.jsonl --claims pass5/extraction/test_frozen/claims.jsonl --config pass5/protocol/config.json --output pass5/pipeline/human --track TEST --reader-queries pass5/protocol/reader_primary_queries.jsonl
retrieved 50 / 830
retrieved 100 / 830
retrieved 150 / 830
retrieved 200 / 830
retrieved 250 / 830
retrieved 300 / 830
retrieved 350 / 830
retrieved 400 / 830
retrieved 450 / 830
retrieved 500 / 830
retrieved 550 / 830
retrieved 600 / 830
retrieved 650 / 830
retrieved 700 / 830
retrieved 750 / 830
retrieved 800 / 830
{
  "corpus": {
    "passages": 33493,
    "articles": 749,
    "units": 34082,
    "extracted_claims": 464,
    "modeled_claims": 464,
    "rejected_claims": 0,
    "accepted_pairs": 0,
    "explicit_end_events": 238,
    "bounded_claim_fraction": 0.013614224517340531
  },
  "all_questions": {
    "n_queries": 830,
    "counts": {
      "query_time_parsed": 813,
      "temporal_extraction_active": 241,
      "uncertain_start_active": 233,
      "replacement_active": 0,
      "claim_context_certificate": 803,
      "reader_context_certificate": 803,
      "all_three_completion_context_agreement": 820,
      "completion_contexts_differ_from_possible": 10,
      "completion_sensitive": 10,
      "possible_differs_interval": 0,
      "possible_differs_no_filter": 30
    },
    "fallback_fraction": {
      "no_temporal_filter": 0.9734939759036144,
      "earliest_completion": 0.983132530120482,
      "midpoint_completion": 0.9816867469879518,
      "latest_completion": 0.9816867469879518,
      "interval_outer_control": 0.9812048192771085,
      "possible_support": 0.9812048192771085,
      "guaranteed_support": 0.9836144578313253,
      "latest_mentioned_year_top20": 0.9621686746987952,
      "original_bm25": 0.9602409638554217,
      "original_bm25_latestyear": 0.9462650602409638
    }
  },
  "slices": {
    "temporal_extraction_active": {
      "n_queries": 241,
      "counts": {
        "query_time_parsed": 237,
        "temporal_extraction_active": 241,
        "uncertain_start_active": 233,
        "replacement_active": 0,
        "claim_context_certificate": 227,
        "reader_context_certificate": 227,
        "all_three_completion_context_agreement": 231,
        "completion_contexts_differ_from_possible": 10,
        "completion_sensitive": 10,
        "possible_differs_interval": 0,
        "possible_differs_no_filter": 30
      },
      "fallback_fraction": {
        "no_temporal_filter": 0.9087136929460581,
        "earliest_completion": 0.941908713692946,
        "midpoint_completion": 0.9369294605809129,
        "latest_completion": 0.9369294605809129,
        "interval_outer_control": 0.9352697095435685,
        "possible_support": 0.9352697095435685,
        "guaranteed_support": 0.9435684647302904,
        "latest_mentioned_year_top20": 0.8697095435684647,
        "original_bm25": 0.878838174273859,
        "original_bm25_latestyear": 0.8564315352697096
      }
    },
    "uncertain_start_active": {
      "n_queries": 233,
      "counts": {
        "query_time_parsed": 229,
        "temporal_extraction_active": 233,
        "uncertain_start_active": 233,
        "replacement_active": 0,
        "claim_context_certificate": 219,
        "reader_context_certificate": 219,
        "all_three_completion_context_agreement": 223,
        "completion_contexts_differ_from_possible": 10,
        "completion_sensitive": 10,
        "possible_differs_interval": 0,
        "possible_differs_no_filter": 30
      },
      "fallback_fraction": {
        "no_temporal_filter": 0.9072961373390558,
        "earliest_completion": 0.9416309012875537,
        "midpoint_completion": 0.936480686695279,
        "latest_completion": 0.936480686695279,
        "interval_outer_control": 0.9347639484978542,
        "possible_support": 0.9347639484978542,
        "guaranteed_support": 0.9433476394849786,
        "latest_mentioned_year_top20": 0.8669527896995708,
        "original_bm25": 0.8763948497854078,
        "original_bm25_latestyear": 0.8532188841201718
      }
    },
    "replacement_active": {
      "n_queries": 0,
      "counts": {
        "query_time_parsed": 0,
        "temporal_extraction_active": 0,
        "uncertain_start_active": 0,
        "replacement_active": 0,
        "claim_context_certificate": 0,
        "reader_context_certificate": 0,
        "all_three_completion_context_agreement": 0,
        "completion_contexts_differ_from_possible": 0,
        "completion_sensitive": 0,
        "possible_differs_interval": 0,
        "possible_differs_no_filter": 0
      },
      "fallback_fraction": {
        "no_temporal_filter": null,
        "earliest_completion": null,
        "midpoint_completion": null,
        "latest_completion": null,
        "interval_outer_control": null,
        "possible_support": null,
        "guaranteed_support": null,
        "latest_mentioned_year_top20": null,
        "original_bm25": null,
        "original_bm25_latestyear": null
      }
    },
    "completion_sensitive": {
      "n_queries": 10,
      "counts": {
        "query_time_parsed": 10,
        "temporal_extraction_active": 10,
        "uncertain_start_active": 10,
        "replacement_active": 0,
        "claim_context_certificate": 0,
        "reader_context_certificate": 0,
        "all_three_completion_context_agreement": 0,
        "completion_contexts_differ_from_possible": 10,
        "completion_sensitive": 10,
        "possible_differs_interval": 0,
        "possible_differs_no_filter": 2
      },
      "fallback_fraction": {
        "no_temporal_filter": 0.64,
        "earliest_completion": 0.8400000000000001,
        "midpoint_completion": 0.72,
        "latest_completion": 0.72,
        "interval_outer_control": 0.68,
        "possible_support": 0.68,
        "guaranteed_support": 0.8800000000000001,
        "latest_mentioned_year_top20": 0.72,
        "original_bm25": 0.62,
        "original_bm25_latestyear": 0.72
      }
    }
  },
  "reader_jobs": 194,
  "reader_queries": 60,
  "feature_gold_reads": 0,
  "elapsed_seconds": 59.04338097572327
}
RUN pass3/protocol/score_predictions.py --predictions pass5/pipeline/human/predictions.jsonl --labels pass3/protocol/human_test_confirmation_labels.jsonl --passages pass3/protocol/test_source_passages.jsonl --config pass5/protocol/config.json --output pass5/pipeline/human/scored
{
  "n_questions": 830,
  "n_articles": 251,
  "metrics": {
    "earliest_completion": {
      "all_annotated_spans_covered_at_5": 0.5783132530120482,
      "all_annotated_strings_covered_at_5": 0.5783132530120482,
      "annotated_span_recall_at_5": 0.5847389558232932,
      "annotated_string_recall_at_5": 0.5847389558232932,
      "parent_passage_hit_at_5": 0.5963855421686747,
      "passages_used": 4.95421686746988,
      "tokens_used": 355.9253012048193,
      "units_used": 4.991566265060241
    },
    "guaranteed_support": {
      "all_annotated_spans_covered_at_5": 0.5771084337349398,
      "all_annotated_strings_covered_at_5": 0.5771084337349398,
      "annotated_span_recall_at_5": 0.5835341365461847,
      "annotated_string_recall_at_5": 0.5835341365461847,
      "parent_passage_hit_at_5": 0.5963855421686747,
      "passages_used": 4.955421686746988,
      "tokens_used": 356.01807228915663,
      "units_used": 4.991566265060241
    },
    "interval_outer_control": {
      "all_annotated_spans_covered_at_5": 0.5783132530120482,
      "all_annotated_strings_covered_at_5": 0.5783132530120482,
      "annotated_span_recall_at_5": 0.5847389558232932,
      "annotated_string_recall_at_5": 0.5847389558232932,
      "parent_passage_hit_at_5": 0.5975903614457831,
      "passages_used": 4.953012048192771,
      "tokens_used": 355.0373493975904,
      "units_used": 4.991566265060241
    },
    "latest_completion": {
      "all_annotated_spans_covered_at_5": 0.5771084337349398,
      "all_annotated_strings_covered_at_5": 0.5771084337349398,
      "annotated_span_recall_at_5": 0.5835341365461847,
      "annotated_string_recall_at_5": 0.5835341365461847,
      "parent_passage_hit_at_5": 0.5975903614457831,
      "passages_used": 4.95421686746988,
      "tokens_used": 355.1301204819277,
      "units_used": 4.991566265060241
    },
    "latest_mentioned_year_top20": {
      "all_annotated_spans_covered_at_5": 0.636144578313253,
      "all_annotated_strings_covered_at_5": 0.636144578313253,
      "annotated_span_recall_at_5": 0.642570281124498,
      "annotated_string_recall_at_5": 0.642570281124498,
      "parent_passage_hit_at_5": 0.653012048192771,
      "passages_used": 4.928915662650603,
      "tokens_used": 365.4915662650602,
      "units_used": 4.985542168674699
    },
    "midpoint_completion": {
      "all_annotated_spans_covered_at_5": 0.5771084337349398,
      "all_annotated_strings_covered_at_5": 0.5771084337349398,
      "annotated_span_recall_at_5": 0.5835341365461847,
      "annotated_string_recall_at_5": 0.5835341365461847,
      "parent_passage_hit_at_5": 0.5963855421686747,
      "passages_used": 4.95421686746988,
      "tokens_used": 355.2590361445783,
      "units_used": 4.991566265060241
    },
    "no_temporal_filter": {
      "all_annotated_spans_covered_at_5": 0.5746987951807229,
      "all_annotated_strings_covered_at_5": 0.5746987951807229,
      "annotated_span_recall_at_5": 0.5811244979919679,
      "annotated_string_recall_at_5": 0.5811244979919679,
      "parent_passage_hit_at_5": 0.5951807228915663,
      "passages_used": 4.940963855421686,
      "tokens_used": 352.85060240963855,
      "units_used": 4.991566265060241
    },
    "original_bm25": {
      "all_annotated_spans_covered_at_5": 0.44096385542168676,
      "all_annotated_strings_covered_at_5": 0.44096385542168676,
      "annotated_span_recall_at_5": 0.44799196787148593,
      "annotated_string_recall_at_5": 0.44799196787148593,
      "parent_passage_hit_at_5": 0.4674698795180723,
      "passages_used": 4.96144578313253,
      "tokens_used": 191.1421686746988,
      "units_used": 4.998795180722891
    },
    "original_bm25_latestyear": {
      "all_annotated_spans_covered_at_5": 0.5228915662650603,
      "all_annotated_strings_covered_at_5": 0.5228915662650603,
      "annotated_span_recall_at_5": 0.5311244979919678,
      "annotated_string_recall_at_5": 0.5311244979919678,
      "parent_passage_hit_at_5": 0.5481927710843374,
      "passages_used": 4.957831325301205,
      "tokens_used": 252.29759036144577,
      "units_used": 4.998795180722891
    },
    "possible_support": {
      "all_annotated_spans_covered_at_5": 0.5783132530120482,
      "all_annotated_strings_covered_at_5": 0.5783132530120482,
      "annotated_span_recall_at_5": 0.5847389558232932,
      "annotated_string_recall_at_5": 0.5847389558232932,
      "parent_passage_hit_at_5": 0.5975903614457831,
      "passages_used": 4.953012048192771,
      "tokens_used": 355.0373493975904,
      "units_used": 4.991566265060241
    }
  }
}
