{
  "track": "human_confirmation",
  "n_questions": 60,
  "n_articles": 55,
  "n_logical_conditions": 600,
  "n_unique_generations_used": 194,
  "parse_failures_unique": 0,
  "metrics": {
    "earliest_completion": {
      "all_annotated_spans_covered_at_5": 0.5166666666666667,
      "all_annotated_strings_covered_at_5": 0.5166666666666667,
      "annotated_answer_set_f1": 0.3611111111111111,
      "annotated_answer_set_precision": 0.36666666666666664,
      "annotated_answer_set_recall": 0.35833333333333334,
      "annotated_answer_soft_f1": 0.4599847374847375,
      "annotated_answer_soft_precision": 0.46554029304029304,
      "annotated_answer_soft_recall": 0.4572069597069597,
      "annotated_span_recall_at_5": 0.5166666666666667,
      "annotated_string_recall_at_5": 0.5166666666666667,
      "exact_annotated_answer_set": 0.35,
      "parent_passage_hit_at_5": 0.5333333333333333,
      "passages_used": 4.95,
      "predicted_answer_count": 0.7,
      "tokens_used": 350.98333333333335,
      "units_used": 5.0
    },
    "guaranteed_support": {
      "all_annotated_spans_covered_at_5": 0.5166666666666667,
      "all_annotated_strings_covered_at_5": 0.5166666666666667,
      "annotated_answer_set_f1": 0.3611111111111111,
      "annotated_answer_set_precision": 0.36666666666666664,
      "annotated_answer_set_recall": 0.35833333333333334,
      "annotated_answer_soft_f1": 0.4599847374847375,
      "annotated_answer_soft_precision": 0.46554029304029304,
      "annotated_answer_soft_recall": 0.4572069597069597,
      "annotated_span_recall_at_5": 0.5166666666666667,
      "annotated_string_recall_at_5": 0.5166666666666667,
      "exact_annotated_answer_set": 0.35,
      "parent_passage_hit_at_5": 0.5333333333333333,
      "passages_used": 4.95,
      "predicted_answer_count": 0.7,
      "tokens_used": 350.98333333333335,
      "units_used": 5.0
    },
    "interval_outer_control": {
      "all_annotated_spans_covered_at_5": 0.5166666666666667,
      "all_annotated_strings_covered_at_5": 0.5166666666666667,
      "annotated_answer_set_f1": 0.3611111111111111,
      "annotated_answer_set_precision": 0.36666666666666664,
      "annotated_answer_set_recall": 0.35833333333333334,
      "annotated_answer_soft_f1": 0.4599847374847375,
      "annotated_answer_soft_precision": 0.46554029304029304,
      "annotated_answer_soft_recall": 0.4572069597069597,
      "annotated_span_recall_at_5": 0.5166666666666667,
      "annotated_string_recall_at_5": 0.5166666666666667,
      "exact_annotated_answer_set": 0.35,
      "parent_passage_hit_at_5": 0.5333333333333333,
      "passages_used": 4.95,
      "predicted_answer_count": 0.7,
      "tokens_used": 350.98333333333335,
      "units_used": 5.0
    },
    "latest_completion": {
      "all_annotated_spans_covered_at_5": 0.5166666666666667,
      "all_annotated_strings_covered_at_5": 0.5166666666666667,
      "annotated_answer_set_f1": 0.3611111111111111,
      "annotated_answer_set_precision": 0.36666666666666664,
      "annotated_answer_set_recall": 0.35833333333333334,
      "annotated_answer_soft_f1": 0.4599847374847375,
      "annotated_answer_soft_precision": 0.46554029304029304,
      "annotated_answer_soft_recall": 0.4572069597069597,
      "annotated_span_recall_at_5": 0.5166666666666667,
      "annotated_string_recall_at_5": 0.5166666666666667,
      "exact_annotated_answer_set": 0.35,
      "parent_passage_hit_at_5": 0.5333333333333333,
      "passages_used": 4.95,
      "predicted_answer_count": 0.7,
      "tokens_used": 350.98333333333335,
      "units_used": 5.0
    },
    "latest_mentioned_year_top20": {
      "all_annotated_spans_covered_at_5": 0.6166666666666667,
      "all_annotated_strings_covered_at_5": 0.6166666666666667,
      "annotated_answer_set_f1": 0.3333333333333333,
      "annotated_answer_set_precision": 0.3333333333333333,
      "annotated_answer_set_recall": 0.3333333333333333,
      "annotated_answer_soft_f1": 0.4388095238095238,
      "annotated_answer_soft_precision": 0.4388095238095238,
      "annotated_answer_soft_recall": 0.4388095238095238,
      "annotated_span_recall_at_5": 0.6166666666666667,
      "annotated_string_recall_at_5": 0.6166666666666667,
      "exact_annotated_answer_set": 0.3333333333333333,
      "parent_passage_hit_at_5": 0.6333333333333333,
      "passages_used": 4.916666666666667,
      "predicted_answer_count": 0.7,
      "tokens_used": 368.05,
      "units_used": 4.966666666666667
    },
    "midpoint_completion": {
      "all_annotated_spans_covered_at_5": 0.5166666666666667,
      "all_annotated_strings_covered_at_5": 0.5166666666666667,
      "annotated_answer_set_f1": 0.3611111111111111,
      "annotated_answer_set_precision": 0.36666666666666664,
      "annotated_answer_set_recall": 0.35833333333333334,
      "annotated_answer_soft_f1": 0.4599847374847375,
      "annotated_answer_soft_precision": 0.46554029304029304,
      "annotated_answer_soft_recall": 0.4572069597069597,
      "annotated_span_recall_at_5": 0.5166666666666667,
      "annotated_string_recall_at_5": 0.5166666666666667,
      "exact_annotated_answer_set": 0.35,
      "parent_passage_hit_at_5": 0.5333333333333333,
      "passages_used": 4.95,
      "predicted_answer_count": 0.7,
      "tokens_used": 350.98333333333335,
      "units_used": 5.0
    },
    "no_temporal_filter": {
      "all_annotated_spans_covered_at_5": 0.5166666666666667,
      "all_annotated_strings_covered_at_5": 0.5166666666666667,
      "annotated_answer_set_f1": 0.3611111111111111,
      "annotated_answer_set_precision": 0.36666666666666664,
      "annotated_answer_set_recall": 0.35833333333333334,
      "annotated_answer_soft_f1": 0.4599847374847375,
      "annotated_answer_soft_precision": 0.46554029304029304,
      "annotated_answer_soft_recall": 0.4572069597069597,
      "annotated_span_recall_at_5": 0.5166666666666667,
      "annotated_string_recall_at_5": 0.5166666666666667,
      "exact_annotated_answer_set": 0.35,
      "parent_passage_hit_at_5": 0.5333333333333333,
      "passages_used": 4.933333333333334,
      "predicted_answer_count": 0.7,
      "tokens_used": 349.95,
      "units_used": 5.0
    },
    "original_bm25": {
      "all_annotated_spans_covered_at_5": 0.43333333333333335,
      "all_annotated_strings_covered_at_5": 0.43333333333333335,
      "annotated_answer_set_f1": 0.24444444444444444,
      "annotated_answer_set_precision": 0.25,
      "annotated_answer_set_recall": 0.24166666666666667,
      "annotated_answer_soft_f1": 0.31665140415140414,
      "annotated_answer_soft_precision": 0.32331807081807085,
      "annotated_answer_soft_recall": 0.31331807081807084,
      "annotated_span_recall_at_5": 0.43333333333333335,
      "annotated_string_recall_at_5": 0.43333333333333335,
      "exact_annotated_answer_set": 0.23333333333333334,
      "parent_passage_hit_at_5": 0.45,
      "passages_used": 4.933333333333334,
      "predicted_answer_count": 0.6,
      "tokens_used": 178.4,
      "units_used": 5.0
    },
    "original_bm25_latestyear": {
      "all_annotated_spans_covered_at_5": 0.4666666666666667,
      "all_annotated_strings_covered_at_5": 0.4666666666666667,
      "annotated_answer_set_f1": 0.25,
      "annotated_answer_set_precision": 0.25,
      "annotated_answer_set_recall": 0.25,
      "annotated_answer_soft_f1": 0.3339153439153439,
      "annotated_answer_soft_precision": 0.33444444444444443,
      "annotated_answer_soft_recall": 0.33365079365079364,
      "annotated_span_recall_at_5": 0.4666666666666667,
      "annotated_string_recall_at_5": 0.4666666666666667,
      "exact_annotated_answer_set": 0.25,
      "parent_passage_hit_at_5": 0.48333333333333334,
      "passages_used": 4.95,
      "predicted_answer_count": 0.5666666666666667,
      "tokens_used": 241.45,
      "units_used": 5.0
    },
    "possible_support": {
      "all_annotated_spans_covered_at_5": 0.5166666666666667,
      "all_annotated_strings_covered_at_5": 0.5166666666666667,
      "annotated_answer_set_f1": 0.3611111111111111,
      "annotated_answer_set_precision": 0.36666666666666664,
      "annotated_answer_set_recall": 0.35833333333333334,
      "annotated_answer_soft_f1": 0.4599847374847375,
      "annotated_answer_soft_precision": 0.46554029304029304,
      "annotated_answer_soft_recall": 0.4572069597069597,
      "annotated_span_recall_at_5": 0.5166666666666667,
      "annotated_string_recall_at_5": 0.5166666666666667,
      "exact_annotated_answer_set": 0.35,
      "parent_passage_hit_at_5": 0.5333333333333333,
      "passages_used": 4.95,
      "predicted_answer_count": 0.7,
      "tokens_used": 350.98333333333335,
      "units_used": 5.0
    }
  },
  "answer_changes": {
    "earliest_completion__latest_completion": {
      "queries": 0,
      "denominator": 60,
      "fraction": 0.0
    },
    "possible_support__guaranteed_support": {
      "queries": 0,
      "denominator": 60,
      "fraction": 0.0
    },
    "possible_support__interval_outer_control": {
      "queries": 0,
      "denominator": 60,
      "fraction": 0.0
    },
    "possible_support__latest_mentioned_year_top20": {
      "queries": 17,
      "denominator": 60,
      "fraction": 0.2833333333333333
    },
    "no_temporal_filter__original_bm25_latestyear": {
      "queries": 22,
      "denominator": 60,
      "fraction": 0.36666666666666664
    },
    "no_temporal_filter__original_bm25": {
      "queries": 19,
      "denominator": 60,
      "fraction": 0.31666666666666665
    },
    "possible_support__original_bm25_latestyear": {
      "queries": 22,
      "denominator": 60,
      "fraction": 0.36666666666666664
    },
    "latest_mentioned_year_top20__original_bm25_latestyear": {
      "queries": 20,
      "denominator": 60,
      "fraction": 0.3333333333333333
    }
  }
}
