{
  "historical": {
    "bm25": 0.7808,
    "date_top5": 0.5436,
    "date_full_pool": 0.2841,
    "direct_first": 0.9821,
    "direct_last": 0.7875,
    "component": 0.9754,
    "component_latest": 0.9776,
    "exact_group_latest": 0.9843,
    "oracle": 0.9978
  },
  "current": {
    "bm25": 0.2333,
    "date_top5": 0.6067,
    "date_full_pool": 0.1267,
    "direct_first": 0.9467,
    "direct_last": 0.9467,
    "component": 0.9467,
    "component_latest": 0.9467,
    "exact_group_latest": 0.8833,
    "oracle": 0.9967
  }
}
