{
  "track": "context_sensitive_diagnostic",
  "n_questions": 11,
  "n_articles": 9,
  "n_logical_conditions": 110,
  "n_unique_generations_used": 40,
  "parse_failures_unique": 0,
  "metrics": {
    "earliest_completion": {
      "all_annotated_spans_covered_at_5": 0.5454545454545454,
      "all_annotated_strings_covered_at_5": 0.5454545454545454,
      "annotated_answer_set_f1": 0.18181818181818182,
      "annotated_answer_set_precision": 0.18181818181818182,
      "annotated_answer_set_recall": 0.18181818181818182,
      "annotated_answer_soft_f1": 0.3170995670995671,
      "annotated_answer_soft_precision": 0.3170995670995671,
      "annotated_answer_soft_recall": 0.3170995670995671,
      "annotated_span_recall_at_5": 0.5454545454545454,
      "annotated_string_recall_at_5": 0.5454545454545454,
      "exact_annotated_answer_set": 0.18181818181818182,
      "parent_passage_hit_at_5": 0.5454545454545454,
      "passages_used": 4.7272727272727275,
      "predicted_answer_count": 0.7272727272727273,
      "tokens_used": 417.0,
      "units_used": 5.0
    },
    "guaranteed_support": {
      "all_annotated_spans_covered_at_5": 0.5454545454545454,
      "all_annotated_strings_covered_at_5": 0.5454545454545454,
      "annotated_answer_set_f1": 0.18181818181818182,
      "annotated_answer_set_precision": 0.18181818181818182,
      "annotated_answer_set_recall": 0.18181818181818182,
      "annotated_answer_soft_f1": 0.3170995670995671,
      "annotated_answer_soft_precision": 0.3170995670995671,
      "annotated_answer_soft_recall": 0.3170995670995671,
      "annotated_span_recall_at_5": 0.5454545454545454,
      "annotated_string_recall_at_5": 0.5454545454545454,
      "exact_annotated_answer_set": 0.18181818181818182,
      "parent_passage_hit_at_5": 0.5454545454545454,
      "passages_used": 4.7272727272727275,
      "predicted_answer_count": 0.6363636363636364,
      "tokens_used": 418.6363636363636,
      "units_used": 5.0
    },
    "interval_outer_control": {
      "all_annotated_spans_covered_at_5": 0.5454545454545454,
      "all_annotated_strings_covered_at_5": 0.5454545454545454,
      "annotated_answer_set_f1": 0.09090909090909091,
      "annotated_answer_set_precision": 0.09090909090909091,
      "annotated_answer_set_recall": 0.09090909090909091,
      "annotated_answer_soft_f1": 0.3265118719664174,
      "annotated_answer_soft_precision": 0.3265118719664174,
      "annotated_answer_soft_recall": 0.3265118719664174,
      "annotated_span_recall_at_5": 0.5454545454545454,
      "annotated_string_recall_at_5": 0.5454545454545454,
      "exact_annotated_answer_set": 0.09090909090909091,
      "parent_passage_hit_at_5": 0.6363636363636364,
      "passages_used": 4.636363636363637,
      "predicted_answer_count": 0.7272727272727273,
      "tokens_used": 355.45454545454544,
      "units_used": 5.0
    },
    "latest_completion": {
      "all_annotated_spans_covered_at_5": 0.5454545454545454,
      "all_annotated_strings_covered_at_5": 0.5454545454545454,
      "annotated_answer_set_f1": 0.09090909090909091,
      "annotated_answer_set_precision": 0.09090909090909091,
      "annotated_answer_set_recall": 0.09090909090909091,
      "annotated_answer_soft_f1": 0.3265118719664174,
      "annotated_answer_soft_precision": 0.3265118719664174,
      "annotated_answer_soft_recall": 0.3265118719664174,
      "annotated_span_recall_at_5": 0.5454545454545454,
      "annotated_string_recall_at_5": 0.5454545454545454,
      "exact_annotated_answer_set": 0.09090909090909091,
      "parent_passage_hit_at_5": 0.6363636363636364,
      "passages_used": 4.636363636363637,
      "predicted_answer_count": 0.6363636363636364,
      "tokens_used": 357.09090909090907,
      "units_used": 5.0
    },
    "latest_mentioned_year_top20": {
      "all_annotated_spans_covered_at_5": 0.45454545454545453,
      "all_annotated_strings_covered_at_5": 0.45454545454545453,
      "annotated_answer_set_f1": 0.2424242424242424,
      "annotated_answer_set_precision": 0.22727272727272727,
      "annotated_answer_set_recall": 0.2727272727272727,
      "annotated_answer_soft_f1": 0.36616161616161613,
      "annotated_answer_soft_precision": 0.351010101010101,
      "annotated_answer_soft_recall": 0.3964646464646464,
      "annotated_span_recall_at_5": 0.45454545454545453,
      "annotated_string_recall_at_5": 0.45454545454545453,
      "exact_annotated_answer_set": 0.18181818181818182,
      "parent_passage_hit_at_5": 0.5454545454545454,
      "passages_used": 4.636363636363637,
      "predicted_answer_count": 0.9090909090909091,
      "tokens_used": 292.8181818181818,
      "units_used": 5.0
    },
    "midpoint_completion": {
      "all_annotated_spans_covered_at_5": 0.5454545454545454,
      "all_annotated_strings_covered_at_5": 0.5454545454545454,
      "annotated_answer_set_f1": 0.09090909090909091,
      "annotated_answer_set_precision": 0.09090909090909091,
      "annotated_answer_set_recall": 0.09090909090909091,
      "annotated_answer_soft_f1": 0.3265118719664174,
      "annotated_answer_soft_precision": 0.3265118719664174,
      "annotated_answer_soft_recall": 0.3265118719664174,
      "annotated_span_recall_at_5": 0.5454545454545454,
      "annotated_string_recall_at_5": 0.5454545454545454,
      "exact_annotated_answer_set": 0.09090909090909091,
      "parent_passage_hit_at_5": 0.5454545454545454,
      "passages_used": 4.636363636363637,
      "predicted_answer_count": 0.7272727272727273,
      "tokens_used": 366.8181818181818,
      "units_used": 5.0
    },
    "no_temporal_filter": {
      "all_annotated_spans_covered_at_5": 0.5454545454545454,
      "all_annotated_strings_covered_at_5": 0.5454545454545454,
      "annotated_answer_set_f1": 0.09090909090909091,
      "annotated_answer_set_precision": 0.09090909090909091,
      "annotated_answer_set_recall": 0.09090909090909091,
      "annotated_answer_soft_f1": 0.3265118719664174,
      "annotated_answer_soft_precision": 0.3265118719664174,
      "annotated_answer_soft_recall": 0.3265118719664174,
      "annotated_span_recall_at_5": 0.5454545454545454,
      "annotated_string_recall_at_5": 0.5454545454545454,
      "exact_annotated_answer_set": 0.09090909090909091,
      "parent_passage_hit_at_5": 0.6363636363636364,
      "passages_used": 4.636363636363637,
      "predicted_answer_count": 0.7272727272727273,
      "tokens_used": 348.1818181818182,
      "units_used": 5.0
    },
    "original_bm25": {
      "all_annotated_spans_covered_at_5": 0.36363636363636365,
      "all_annotated_strings_covered_at_5": 0.36363636363636365,
      "annotated_answer_set_f1": 0.09090909090909091,
      "annotated_answer_set_precision": 0.09090909090909091,
      "annotated_answer_set_recall": 0.09090909090909091,
      "annotated_answer_soft_f1": 0.3265118719664174,
      "annotated_answer_soft_precision": 0.3265118719664174,
      "annotated_answer_soft_recall": 0.3265118719664174,
      "annotated_span_recall_at_5": 0.36363636363636365,
      "annotated_string_recall_at_5": 0.36363636363636365,
      "exact_annotated_answer_set": 0.09090909090909091,
      "parent_passage_hit_at_5": 0.45454545454545453,
      "passages_used": 4.7272727272727275,
      "predicted_answer_count": 0.6363636363636364,
      "tokens_used": 217.0909090909091,
      "units_used": 5.0
    },
    "original_bm25_latestyear": {
      "all_annotated_spans_covered_at_5": 0.36363636363636365,
      "all_annotated_strings_covered_at_5": 0.36363636363636365,
      "annotated_answer_set_f1": 0.18181818181818182,
      "annotated_answer_set_precision": 0.18181818181818182,
      "annotated_answer_set_recall": 0.18181818181818182,
      "annotated_answer_soft_f1": 0.3055555555555556,
      "annotated_answer_soft_precision": 0.3055555555555556,
      "annotated_answer_soft_recall": 0.3055555555555556,
      "annotated_span_recall_at_5": 0.36363636363636365,
      "annotated_string_recall_at_5": 0.36363636363636365,
      "exact_annotated_answer_set": 0.18181818181818182,
      "parent_passage_hit_at_5": 0.36363636363636365,
      "passages_used": 4.636363636363637,
      "predicted_answer_count": 0.8181818181818182,
      "tokens_used": 280.6363636363636,
      "units_used": 5.0
    },
    "possible_support": {
      "all_annotated_spans_covered_at_5": 0.5454545454545454,
      "all_annotated_strings_covered_at_5": 0.5454545454545454,
      "annotated_answer_set_f1": 0.09090909090909091,
      "annotated_answer_set_precision": 0.09090909090909091,
      "annotated_answer_set_recall": 0.09090909090909091,
      "annotated_answer_soft_f1": 0.3265118719664174,
      "annotated_answer_soft_precision": 0.3265118719664174,
      "annotated_answer_soft_recall": 0.3265118719664174,
      "annotated_span_recall_at_5": 0.5454545454545454,
      "annotated_string_recall_at_5": 0.5454545454545454,
      "exact_annotated_answer_set": 0.09090909090909091,
      "parent_passage_hit_at_5": 0.6363636363636364,
      "passages_used": 4.636363636363637,
      "predicted_answer_count": 0.7272727272727273,
      "tokens_used": 355.45454545454544,
      "units_used": 5.0
    }
  },
  "answer_changes": {
    "earliest_completion__latest_completion": {
      "queries": 4,
      "denominator": 11,
      "fraction": 0.36363636363636365
    },
    "possible_support__guaranteed_support": {
      "queries": 4,
      "denominator": 11,
      "fraction": 0.36363636363636365
    },
    "possible_support__interval_outer_control": {
      "queries": 0,
      "denominator": 11,
      "fraction": 0.0
    },
    "possible_support__latest_mentioned_year_top20": {
      "queries": 4,
      "denominator": 11,
      "fraction": 0.36363636363636365
    },
    "no_temporal_filter__original_bm25_latestyear": {
      "queries": 5,
      "denominator": 11,
      "fraction": 0.45454545454545453
    },
    "no_temporal_filter__original_bm25": {
      "queries": 1,
      "denominator": 11,
      "fraction": 0.09090909090909091
    },
    "possible_support__original_bm25_latestyear": {
      "queries": 4,
      "denominator": 11,
      "fraction": 0.36363636363636365
    },
    "latest_mentioned_year_top20__original_bm25_latestyear": {
      "queries": 2,
      "denominator": 11,
      "fraction": 0.18181818181818182
    }
  }
}
