{
  "initial": 22,
  "pending": 212,
  "workers": {
    "0": 106,
    "1": 106
  }
}
worker=0 1/106 id=1d216476d2ca0c5e7b723c7f5868e89513b22438dea5b4b162b47ff62db40797 seconds=28.38 tokens=18 finish=stop
worker=1 1/106 id=1ea1699a79f70e080c6503227486d7f9e689d7f5cb76b16bc277ec9e723f82bb seconds=33.48 tokens=28 finish=stop
worker=1 2/106 id=2128c51db5089ef97881ca7fc0a01e609ba894ee2483d4b67d3a9e17491c5d33 seconds=9.43 tokens=18 finish=stop
worker=0 2/106 id=20bb0cab71b4208950f972956ed189346a4dac4c1ea0eba8fbc4816c83495411 seconds=19.22 tokens=29 finish=stop
worker=1 3/106 id=243a0dcc5dd790c9d6ca5cbe05ec695c71a790df4be2540380c59476b9096904 seconds=20.01 tokens=24 finish=stop
worker=0 3/106 id=224c1526a58d2a9bd4decdd37f55e3bf79ca393cfce1612bef281af7616004f4 seconds=27.50 tokens=18 finish=stop
worker=1 4/106 id=264024d0e4bb286a3c8b74b425c5b9751c894a656ae2efe441ddd3252b085682 seconds=17.71 tokens=24 finish=stop
worker=1 5/106 id=28d0931852cf203f6d41e11230bcdf625c1270e540214e29ebbb2b6e822c3b12 seconds=31.25 tokens=22 finish=stop
worker=0 4/106 id=258a85d4f1748b6cf8a1ae7c69760ab33511c329c40d8a883c07b60d165322c8 seconds=39.64 tokens=28 finish=stop
worker=1 6/106 id=29cf8f0c5b988c5a5b4815672f66a1aaa7efd91167ce0e379104e5627637c61d seconds=13.04 tokens=28 finish=stop
worker=1 7/106 id=2bc229a6f8e2f18299744313f95aad9e1b605e9e501488d01ca230e51395878d seconds=19.06 tokens=24 finish=stop
worker=0 5/106 id=27e87d47c6a23665414c5e23a4ba60ecf935463669210c173cd013ec2c5a5765 seconds=34.31 tokens=24 finish=stop
worker=0 6/106 id=294e88eafc9a45d80e5c031eb7de6d58a807fe77430da69abc9e22b121111f2a seconds=14.04 tokens=18 finish=stop
worker=1 8/106 id=2f1eca54aac4e4a7976d99e953ea11862b445e50df46a8b04ec95b694b30351c seconds=31.76 tokens=30 finish=stop
worker=0 7/106 id=2ae59f6c76e5d9126b4aabc5b58639c4790e6e6d9d7244c4296b571c86f1337c seconds=19.03 tokens=29 finish=stop
worker=1 9/106 id=303ee36dda61acdcb2823a3df0a0593a4a84b05910c8bdce3fe13d6443d57f93 seconds=20.50 tokens=32 finish=stop
worker=1 10/106 id=324e6a2f8a0958999d5ba10e42c64b6ba56ae322bbb0c6f402307f5ba470b721 seconds=17.38 tokens=23 finish=stop
worker=0 8/106 id=2dbef53b938d57b63bf82dcf6b76680bc0575f90b66d45d1fed1aa2fc13778c1 seconds=33.07 tokens=23 finish=stop
worker=1 11/106 id=33d638fa262ce4f16048db587b88493e520a900bc3f3f171c8501a1952ca0673 seconds=33.40 tokens=32 finish=stop
worker=0 9/106 id=30229a8d4f422fe581d30e2f9df6943a7c9a2946ba00b74f3110fb79dd8fd887 seconds=40.94 tokens=29 finish=stop
worker=1 12/106 id=3788f147595128645863908afd78d47ba4e4541b0164c37ba9074b406eb0e116 seconds=25.35 tokens=27 finish=stop
worker=0 10/106 id=308f1a6e8ea954102f80e877d1e3d75cfd25a120f5870a153e8a8556cc9bf797 seconds=21.48 tokens=25 finish=stop
worker=0 11/106 id=3270e8d8cdcf0e4de3b4ac6e439c781d662d6d25b373f5779d6e589a447da577 seconds=17.90 tokens=24 finish=stop
worker=0 12/106 id=34b95c15117bb4a0dff7d8e0de60174a6e866b82b0a3b49a44f7d030c806f65f seconds=17.93 tokens=25 finish=stop
worker=1 13/106 id=393a36e63b189d816709e10889c822a4b5ee03973650ccf9a5e6af62c8ac73d9 seconds=49.05 tokens=27 finish=stop
worker=0 13/106 id=38ada290a18909737861510eccf2ea93356d58ea89254eac66d4ca0205df97c3 seconds=25.34 tokens=26 finish=stop
worker=1 14/106 id=3c829892a2ecc558e764234a5f0263e04893567510af546e304cadac644898c8 seconds=22.73 tokens=29 finish=stop
worker=0 14/106 id=3b77fefeebdf40ceedf230bdf2f667ffbd7b446d0955dce8da92cbe730677eb4 seconds=14.93 tokens=23 finish=stop
worker=1 15/106 id=40103e245c9d80d8a1059b4539baae7ae5ff5da420424d341fd51fed09ada833 seconds=35.77 tokens=23 finish=stop
worker=0 15/106 id=3e530daabc9d7027f9b9848c4d991eac5dabd15bd836f9f22d6b5b01bddaf737 seconds=28.43 tokens=28 finish=stop
worker=1 16/106 id=4230c34c709836624c335868a1faeba80b3bb80f473757bfeb515b21b5dd812a seconds=18.40 tokens=29 finish=stop
worker=0 16/106 id=417a6ce0bdf00cb447f691a098c9454849901c3441f9a5d4af8ea99716a85ae9 seconds=33.39 tokens=32 finish=stop
worker=1 17/106 id=454c271efd4cbb0ea89ec19d21eb5fb0056433c8dd2a53fb558d19082a6045e1 seconds=19.58 tokens=18 finish=stop
worker=1 18/106 id=47989f60b2e70e25507765c2a91a18df4cbfb6433b96c089e95cf7dcaad881ea seconds=12.34 tokens=28 finish=stop
worker=0 17/106 id=42ce74abbe5afe00fd555d8af00a5b718cecb57f6fb281b28ab66e904d02bc92 seconds=16.27 tokens=32 finish=stop
worker=1 19/106 id=4b345c3abe7b304772c2f031496b3be6bbdc77b7dcf696cf63f3b0a0ecd82b69 seconds=23.13 tokens=51 finish=stop
worker=0 18/106 id=45da981588bb94f58d6496cfd2e5f664652ee855d05276a77b52dc757cd9b3c9 seconds=23.74 tokens=28 finish=stop
worker=1 20/106 id=4c366c35e4fa5aeb46c97a1cfd418ca4b7489bfbe1355cab280630795ed89b5e seconds=21.43 tokens=30 finish=stop
worker=0 19/106 id=4a9ea05284ac8020653df1f060b12c4a1ba62f41b07c499a6a5386ff489d6556 seconds=23.29 tokens=32 finish=stop
worker=1 21/106 id=4ce4fa8afcabcfe70b53593a856ad14b3cdf8d27d925a1b3988ee69b09bb0714 seconds=21.90 tokens=36 finish=stop
worker=0 20/106 id=4b9c5b1596da23326987f2f49e10bad6d5355a574a83ed1fa32312a12c8870c7 seconds=31.62 tokens=32 finish=stop
worker=1 22/106 id=5073ed135e29fbfd4f0126bd5facddd609a5ac0b076fc08ee4a0cdc09f2e006d seconds=22.11 tokens=25 finish=stop
worker=0 21/106 id=4c4f7121035f661bbe607090fd180529728e466f29e43b032b3714952c3809ef seconds=22.19 tokens=26 finish=stop
worker=1 23/106 id=51e80adde37f83881ed5c5ab1840c85aaf8a91681ae67925c6c855dde716e93c seconds=31.52 tokens=23 finish=stop
worker=0 22/106 id=4e3e5b3cdfc49e43be0edfd0a671d0972a7f1e8809c94e8aa272d03e3da59f56 seconds=18.24 tokens=30 finish=stop
worker=1 24/106 id=53d37588ffe6ae54ed9d47bd8366df32fd52d71ebc588b1d01a242461f2981fa seconds=18.01 tokens=25 finish=stop
worker=0 23/106 id=51d7a6fcc15ea36fdc76298132ccb9c5eeb622c226718ac0dd7b7810d9db2f6e seconds=20.14 tokens=23 finish=stop
worker=0 24/106 id=53657960338e6f0dcf8667b4b1297bca91f6595c9a08524e6d74d1ec5b58a5d8 seconds=30.26 tokens=32 finish=stop
worker=1 25/106 id=56f3515a801497cfdb30a804ca68d3252ffeccaf4cee289b7cbde63086e5cc26 seconds=36.79 tokens=27 finish=stop
worker=0 25/106 id=5634c5d49e92ece5abc33bfd9d722986790786f3c839459e3cdb47ff9b7d3c79 seconds=34.58 tokens=25 finish=stop
worker=1 26/106 id=57f8b84aa03e35862a7c42eb3eb1bc17ee0406ebaf851514eb0dd2853c19a9a0 seconds=35.23 tokens=31 finish=stop
worker=0 26/106 id=5730c69dca0b59cca9f5d9644f560d0f1d6402237518dbe64bf5ea79b6ac6bf0 seconds=21.53 tokens=29 finish=stop
worker=1 27/106 id=5a7628aebdeb0889a54cd6018dc4047246c9263a6df1b605dcf60a2db34bdd1b seconds=27.12 tokens=24 finish=stop
worker=0 27/106 id=59be8942d67464675fe5f0bcabef38f56c7f475addae5b96727ff26f6830ea26 seconds=34.85 tokens=32 finish=stop
worker=1 28/106 id=5ddda88c1c4eef869cd455307d764c086d590a549bc7d3addf571543c5711443 seconds=33.55 tokens=26 finish=stop
worker=0 28/106 id=5da05ddd1d84b755bc86f7e0a2bd64e11bc983ac823256a4cc4ed5edd4f027a9 seconds=11.15 tokens=18 finish=stop
worker=0 29/106 id=5e2de86ea4f84db1429202da2a1138f15b69bdc9dc0189160a2a755cfdcaa802 seconds=17.73 tokens=28 finish=stop
worker=1 29/106 id=5e3596b023c7425613432b9bb07217317907cd4ef82086ad1c1979634ce85870 seconds=29.32 tokens=18 finish=stop
worker=0 30/106 id=5e5d679a2eb353c6663dc48bf2dc796bc87bf08feb41fcbebaf8ba242185017d seconds=18.69 tokens=25 finish=stop
worker=1 30/106 id=61e8514fdd7902abfb80051302e1430b44ef9e03fe817d10832300266d7a517f seconds=14.58 tokens=18 finish=stop
worker=0 31/106 id=61efdeb5ebb9ce1459130969c6647ed2a08ea2cf4a8a55cbdaf9c1ab3840e37e seconds=9.98 tokens=18 finish=stop
worker=0 32/106 id=644e68af9a44f3038ef6d42ca2195020a51751b355b0124aa9705f27159c4837 seconds=17.90 tokens=26 finish=stop
worker=1 31/106 id=6310eaa789333e6edd505a3aeba8bd49c87cf06c7f139f899e7474427f606038 seconds=31.27 tokens=23 finish=stop
worker=1 32/106 id=660a966f2eb90b242d3298bd4b38e62160e858aa3c39553ace04bc15abe47d10 seconds=11.09 tokens=18 finish=stop
worker=0 33/106 id=67b79753f3fe479f3d53b258bc7edfdc647da1deaa1f59cac8344678650e131d seconds=27.33 tokens=23 finish=stop
worker=0 34/106 id=6982a91476c9d79e3468340533b9a4d28ca6bab9050f7cc0e3649b7bc49740d3 seconds=34.04 tokens=29 finish=stop
worker=1 33/106 id=6808c76d93f147c841cbaab03d5b304a44f51ef329363fb7711e98be91fc2a6f seconds=42.13 tokens=31 finish=stop
worker=1 34/106 id=6abe77f039009de9c4dcefe597425aa176dddf6227a3d98cf37e5029445f80b2 seconds=18.18 tokens=33 finish=stop
worker=0 35/106 id=6ad25ace277127788128f273f0689f73b4aa0bb5be9e7af10a9c5fa9fc9e023c seconds=25.31 tokens=27 finish=stop
worker=1 35/106 id=6b5ba10d79fd5bcf866cc14add9b41ba5c3b1d4a030918775ebf679f43259ba7 seconds=19.41 tokens=25 finish=stop
worker=0 36/106 id=6df53a15fcff7c6741ce20c28c97c7d3bfdc1e7b0b30562ca720f4d45b2cd212 seconds=25.45 tokens=26 finish=stop
worker=1 36/106 id=6e8c37cbf21f97ee359bcf36a8fee4fa724b426b5c33cd27b575748d709fbf90 seconds=20.25 tokens=26 finish=stop
worker=1 37/106 id=7050cd841d89b135c4a5c2b5c4ed474d531b52d5d4163bf218c0c59d099924c4 seconds=19.91 tokens=32 finish=stop
worker=0 37/106 id=6f3e0456ffca4572f594a45e4a6c341d938f149f50523427b2ef68f847270e5f seconds=36.35 tokens=25 finish=stop
worker=1 38/106 id=72742d89be3164c2d118afc8ddbd818b11f973e58e24bee3f9607f4ad3d5af74 seconds=30.26 tokens=32 finish=stop
worker=0 38/106 id=71c53ef249422b06c8066d59e445a32e57aa0f816c216e41b43b23401151cf25 seconds=23.93 tokens=24 finish=stop
worker=0 39/106 id=728d5fe2817048eac011aa6051b3f57457ae0161975319b9da681f2279e574b1 seconds=10.45 tokens=18 finish=stop
worker=1 39/106 id=737ec09653f212676f36a73975cebc6ce35d93f15c90e54d2556f75429989866 seconds=31.71 tokens=29 finish=stop
worker=0 40/106 id=73fac516a147507a7f1bb601232d07916ece00505156daf4a91e823cae79b6a0 seconds=26.68 tokens=26 finish=stop
worker=1 40/106 id=7428f0dcf224d24fdab58574301c94ebbac939fe0a3af41e96585bb1dcbbb06a seconds=27.97 tokens=29 finish=stop
worker=0 41/106 id=74ddd37543c3ca65285fd84311ea6c4135914b305e6c71e96f5722596ed24c6c seconds=26.40 tokens=26 finish=stop
worker=1 41/106 id=792f23dc6306f44ade8225dbb44a4ae7e3fd2f5c46923b4e7afe380a6a0becb3 seconds=16.80 tokens=22 finish=stop
worker=0 42/106 id=7c144ae33f56f7ec242f92a442e6d05540e03c527a24d70b25aed0c96c39bc54 seconds=25.37 tokens=26 finish=stop
worker=1 42/106 id=7d5a055ed63859cdfe3a005f12988d078cee9452becac3d85c96027423e9be1c seconds=23.67 tokens=25 finish=stop
worker=1 43/106 id=7f5776b71384236862202b9fc67a341f4fd8e62332e4a9a24f7452d0c072ac5a seconds=20.91 tokens=32 finish=stop
worker=0 43/106 id=7ede7ffa0ab553086666e8896c8b406ce0ea3861d1b4bd55d6172b1fa72f6871 seconds=36.26 tokens=26 finish=stop
worker=1 44/106 id=800165ef157adc3da74226ae6c332a1f3ae73d9298daa06d674d55d00f221fcb seconds=18.54 tokens=18 finish=stop
worker=0 44/106 id=7f5c916884770e0f176c6a7fddc6c8b1b8066c0b57fded9be35cd114f05a159b seconds=25.91 tokens=25 finish=stop
worker=1 45/106 id=8257da772a0b632d7af11661e6fa7722c969f07d182e869311868f2da15048f3 seconds=25.07 tokens=25 finish=stop
worker=0 45/106 id=803e29ae2fb0556ed7172763510aebfa3dbf11627816ec999c630a99f077b71d seconds=23.46 tokens=29 finish=stop
worker=1 46/106 id=85f6bfe1d48d7982f90ba2fecf08f04a0245e7e87e9b117b5957636a197be9c7 seconds=24.15 tokens=24 finish=stop
worker=0 46/106 id=838c16073dfc4e1d39ee904b9e7b9eebb3baa8f0ecd616e29eccede2e951eee3 seconds=20.03 tokens=26 finish=stop
worker=1 47/106 id=89d1a3b4e4e3c909f0e936afc69359ece463bc308e5f2135af1d73130552cbc7 seconds=14.69 tokens=32 finish=stop
worker=0 47/106 id=86c23ec9605add39d335021c9574d349fbeb8ab6531b62217c326e2e49ae3f3d seconds=25.62 tokens=28 finish=stop
worker=1 48/106 id=8f8e545f75059a09e35669839bae5f2c7f37c9d1966a2bb22a1d53c17579110d seconds=32.73 tokens=23 finish=stop
worker=0 48/106 id=8b53d5a822a397c8e2d9df6d94b8dd17ad334b2289b2cfea742855aeaa41b1c8 seconds=32.23 tokens=28 finish=stop
worker=1 49/106 id=918b1357b0adacb7b71b9f4ff15e3a7c5e336be066fef943e7f78e8123dcb7ee seconds=29.43 tokens=32 finish=stop
worker=0 49/106 id=90094ab44e8a5edaa893099d6b6c68874668437ef1f970182da3040e5b905b4e seconds=15.44 tokens=32 finish=stop
worker=1 50/106 id=92a1fb0476428481b2cccc878b3007b342468bcc7b8d564523fdf0b891d591cc seconds=21.70 tokens=24 finish=stop
worker=0 50/106 id=924b6ba2014efcd17a93a71d070c59d892ac6e6a3bd2ffa27cd086990c9ab65c seconds=21.72 tokens=32 finish=stop
worker=0 51/106 id=93f1db1a55c8ab9c1b391dc907865a3c28a9ddfe8843c46792da506bcb5b9186 seconds=14.86 tokens=24 finish=stop
worker=1 51/106 id=954ef1a098f1b56d2c6305f336ee7f9f0e7c1d26609a10177cfffd848e4097c4 seconds=28.38 tokens=25 finish=stop
worker=0 52/106 id=97c091e74147ac3f481b5ce5bb0293d655cc8eb2f0367ed5b04b161cd42739e7 seconds=17.92 tokens=28 finish=stop
worker=1 52/106 id=9944e6858c8f349258a08c15ca41f5c13613f72f5b4c538b249393c35b756d18 seconds=29.29 tokens=28 finish=stop
worker=0 53/106 id=9ca24b2a409d170c46622af6be474f3cc7771326b34d909b697a761fe5837519 seconds=33.54 tokens=30 finish=stop
worker=1 53/106 id=9ca8d9560bc8100372e66e3197df7598c3ca6e554a5d4be411b11cff1efdd155 seconds=21.24 tokens=32 finish=stop
worker=0 54/106 id=9d2c7f6df14371ece2a0f5169f3f294be0da328ce7f6406802bf8b5308e02a47 seconds=9.45 tokens=18 finish=stop
worker=1 54/106 id=9dc3c4396ee313e718187b1d2567784cb6b24926e4cd3545b695d0b75aa79af2 seconds=15.20 tokens=25 finish=stop
worker=0 55/106 id=9dc76e5d47be46ac7dd4af52c5b6cf634929c1273756eafd2070e25e1ab87a9e seconds=22.39 tokens=29 finish=stop
worker=0 56/106 id=a01d46e7af2e1d817e83272d2abec2c652313eeaa0a6aae9f6439075bafe8c47 seconds=33.87 tokens=25 finish=stop
worker=1 55/106 id=9f51057acbe5acb4c4ca4d48eda025def15574641c8172ec829d187304a42f17 seconds=56.21 tokens=31 finish=stop
worker=0 57/106 id=a16cf77bee2100da46e22c2cdf29cc544af5ca157812df8bf1a6f43a6089048c seconds=19.14 tokens=26 finish=stop
worker=1 56/106 id=a145eb00144f794777420c2cddde679ba261a393495c8449022c8f6e28859c9c seconds=14.36 tokens=38 finish=stop
worker=0 58/106 id=a2046443a1f9054749102b2de999448907761b7acb675e7b08018721e1c0055e seconds=11.94 tokens=26 finish=stop
worker=0 59/106 id=a443b2240b06e22d89e87c2353ba76d49531e3372a3d4ef24d6245e5021c9749 seconds=17.78 tokens=32 finish=stop
worker=1 57/106 id=a1f6917573ba3a316e648ecfd5dd238e45e724e4e6eb80437fc2e837e3b9315b seconds=32.98 tokens=26 finish=stop
worker=0 60/106 id=a690b5957c4448518d08dd54b1fd158b11a76ea175312c90db657d665d2adc0d seconds=40.22 tokens=23 finish=stop
worker=1 58/106 id=a23a6c9faa79194cf1f4a6af037ad8bbf751344f51e6c858a4f9c09f6fec9bf4 seconds=29.07 tokens=32 finish=stop
worker=1 59/106 id=a5478f606092d32bd0ae6fac24d1fa7bbbd1fee1538dc451d1a828f8d149df50 seconds=23.67 tokens=20 finish=stop
worker=0 61/106 id=a9ccbade27050194c37540d547bbd2e143fbe633bd5a73e867faea402f867b75 seconds=33.09 tokens=36 finish=stop
worker=0 62/106 id=ab34babb2da320d1a54cc9a26b152c44b79639fe4c6b006e1987fc9908bd2317 seconds=12.78 tokens=18 finish=stop
worker=1 60/106 id=a71f19459c2735b5bf41fa3d24765691cff4802b697304bb95619ff23189c496 seconds=35.56 tokens=25 finish=stop
worker=0 63/106 id=ac1a90e4df9342be348a8a0fd605ffe6c3808b20ff690a48bb8b04c55cae5686 seconds=28.66 tokens=32 finish=stop
worker=1 61/106 id=a9f3bac1b30fd66ff41c1b55b21727210522a5a9201c85142744468e0d89f330 seconds=43.64 tokens=25 finish=stop
worker=0 64/106 id=addfa8602688363cf1316a425588c748a87adaee45727a5ac92200a31f663836 seconds=39.88 tokens=26 finish=stop
worker=1 62/106 id=ab593720bd2b95f3fab5c665b2e562f822c237dbb65e3c0449e271b929e57051 seconds=27.11 tokens=24 finish=stop
worker=0 65/106 id=af8a361b1295f203407f86056cf50152137589255389ca544872b1a20ac2548a seconds=32.49 tokens=18 finish=stop
worker=1 63/106 id=ad24d4bf0e24130094df87384f4749764a15fd71e36d7a42b861d42f593230a1 seconds=40.05 tokens=27 finish=stop
worker=0 66/106 id=afdb37cd16ea7c9dad56133482fcde0f472691272fceab10d0ac31707726f452 seconds=42.85 tokens=26 finish=stop
worker=1 64/106 id=aebe0659bf802a9fbcfbedf61fc47c16a1824a7e33a7f429b129b2cfa7313cf9 seconds=27.22 tokens=24 finish=stop
worker=0 67/106 id=b13830cb7097ea3bbc08a1b187ae859d5cdfa46f94d5d16dbe0c0714194aed10 seconds=48.14 tokens=24 finish=stop
worker=0 68/106 id=b37ebf9ebb7828cfa805a8e85dafaf2b4d7f6d1f01d4d5ac0597a75a492411d3 seconds=14.05 tokens=25 finish=stop
worker=1 65/106 id=afb528af5bb91803f4062f6fb0a0a23d8230c08c4937a24ca56ca4880ca0dcf6 seconds=62.09 tokens=26 finish=stop
worker=1 66/106 id=b0972e675282c1f26366898d70c48ffbaca8f75025c06ad53612951ac48afdca seconds=18.61 tokens=33 finish=stop
worker=0 69/106 id=b4c793f3fb4ea127ab8d261cbc7c1643b48bd805a26902400fc73e2353958263 seconds=33.11 tokens=23 finish=stop
worker=1 67/106 id=b2f16933d094865dd306cdf1afc9720f65ef152f43e4291dd9c64d0ca817f280 seconds=21.37 tokens=26 finish=stop
worker=0 70/106 id=b51ada80babd883c413a89e57b6193524287437cc55a1af3b3d6b0b08761cdc8 seconds=22.55 tokens=32 finish=stop
worker=1 68/106 id=b3e369336fefb4fcdb4322818499c9e2ec251d400b1be30bc328703422e36870 seconds=22.77 tokens=32 finish=stop
worker=0 71/106 id=b747696bcd3814bbed166fe562148954e19629566366be57d60bb1bda1af426c seconds=16.21 tokens=29 finish=stop
worker=0 72/106 id=b84d7fd1f7dedbb422371ec96782ef452d2292f104e4fa8767f74dc5d6a39589 seconds=44.83 tokens=29 finish=stop
worker=1 69/106 id=b4eb2a6dc0b3bb445d98c3f9e11c554619dd332e137c90aa519a7b2160c1f34d seconds=56.95 tokens=24 finish=stop
worker=0 73/106 id=b988c8a0ec538f587deb87d73ec769638599677d31c549170e494eca39d88ad3 seconds=19.78 tokens=20 finish=stop
worker=1 70/106 id=b54d6343b3bb4ab678db7c16e734f0015fe2dc9c233192e2f8d3b329d5f12d16 seconds=30.41 tokens=25 finish=stop
worker=0 74/106 id=bc1100851924a2a2b15869a76a366673f0c8b117714c3d7e9ae072127b6ac520 seconds=31.40 tokens=32 finish=stop
worker=1 71/106 id=b80879ffdf8432aafb8af71c6f2890bc69622a96f7406c5fedc10886a72bdd5c seconds=17.62 tokens=18 finish=stop
worker=0 75/106 id=bd8de94e5bbee62e6147d0ba9d4fabf09f394a47ab2642597e4f6ee95c0bede7 seconds=11.58 tokens=29 finish=stop
worker=1 72/106 id=b96a48b3999e407f90751ee97be77059774e407a36e8358c7011e60133359bf5 seconds=19.01 tokens=28 finish=stop
worker=0 76/106 id=be18f93570d288ffed580c34b3a1575c36d9e7d04bb28209b497bdcff8db4c40 seconds=20.61 tokens=32 finish=stop
worker=0 77/106 id=c36f8a68b37784f87b83c5a2267eabedcb8363bb3b2ca378b7dd2101c13e1a1b seconds=17.01 tokens=24 finish=stop
worker=1 73/106 id=b9e3bd5959f42a8026b3caccc3609aca681442ee66246fa2cc48051b54a491ee seconds=26.45 tokens=28 finish=stop
worker=0 78/106 id=c469ca0538ea8874c819caeabd275261f6baac23ebe717b24c68a2214d09cb7b seconds=21.95 tokens=29 finish=stop
worker=1 74/106 id=bd47c6ed081b3ee4482a2f5b7f029285e1df503a780c8526b4fc2533ceea2c5b seconds=31.83 tokens=18 finish=stop
worker=0 79/106 id=c64bdb7271de200b68a21be201e4f01b5600c8357052afaa85720df059795ec7 seconds=14.24 tokens=18 finish=stop
worker=1 75/106 id=bda5f610d5e2c945ca10a808352d20494b5eb64a36d14bc1302cee4a8fa29a8d seconds=16.46 tokens=29 finish=stop
worker=0 80/106 id=ca27e05bc3a0dcb4dd1d97322017c3e4a3d1aebc58df4b1d6bf4bec7d1ee4819 seconds=18.74 tokens=25 finish=stop
worker=0 81/106 id=caf23c18a5f3dab71fd1fc2397eece570541a3410e56b0711e4b8e22fea86588 seconds=21.21 tokens=20 finish=stop
worker=1 76/106 id=be4cd7e3175f6007ef7b5aa4c4d69a86c120df795579284d5e3eeff87b6a49fe seconds=35.60 tokens=25 finish=stop
worker=0 82/106 id=cd234d5bcc789cbc569cbaab6a094aef7c6b3c6918eb95ac3f9cec44a6267fd4 seconds=19.00 tokens=28 finish=stop
worker=1 77/106 id=c40ce4aaaf19b19ffa5b6195432dcd407dda4e59b8317a6a6026b07e4e6de786 seconds=21.35 tokens=32 finish=stop
worker=0 83/106 id=d0115587c6f73a6751c1aa8e852d63697d7c9e41591e9879da34bb329f97ac9d seconds=18.30 tokens=25 finish=stop
worker=1 78/106 id=c5c47da4868f78d9d7d0a2a240c5924a2f7b5c2e80723b27d8b67c104cb68d46 seconds=15.18 tokens=32 finish=stop
worker=0 84/106 id=d3c23955113d5161f8d2d59ab1eb58108c2d6ca66f71e7d58dc9e08e413b5609 seconds=20.10 tokens=20 finish=stop
worker=1 79/106 id=c7eb705571c0f370bcf9ced822e51cc6024f5af610dced2a4915166ebb6404f8 seconds=17.14 tokens=25 finish=stop
worker=0 85/106 id=d6264f6cba487d367278096b43b2a104d6bc8740adf2186f11fcb82dc8d48b33 seconds=15.63 tokens=40 finish=stop
worker=1 80/106 id=cad4a027ccc31f29d7e1fac07ea083f192ea620e221d936b4d584919e4a8ee1f seconds=16.24 tokens=32 finish=stop
worker=0 86/106 id=d76b3083065878d9d3748badd3f9e2172a04f826aded08ab9ef7d685da7aed68 seconds=17.15 tokens=25 finish=stop
worker=1 81/106 id=cb8a469af975d0c5c8cf26916beed7f50dffebf400c81791bbac109b1b57dfd4 seconds=28.11 tokens=27 finish=stop
worker=0 87/106 id=d9ffd0f5a3a98dde3052559e04090df0cb1956dcf8d17981c03a7cec9c40fd30 seconds=38.54 tokens=32 finish=stop
worker=0 88/106 id=db7a3d6479b157f6013e838a7e45aadb6d749786bd22f469b6ededd67b251663 seconds=12.61 tokens=26 finish=stop
worker=1 82/106 id=cfc7f1d6abf5f019817dd12b60c1eda1d21a4e32c99ee6d0a26596c7390dfff5 seconds=36.73 tokens=26 finish=stop
worker=0 89/106 id=dc28a773a21f32a4ea5a3c0bf49bc02fc8aff28144810a2ea3a02f49015c071f seconds=13.38 tokens=28 finish=stop
worker=0 90/106 id=e12a3c9e9eca809d080d1ecb83c48487c491d455502e7efa0aa35992b95b3652 seconds=11.08 tokens=26 finish=stop
worker=1 83/106 id=d1667dd457212c6d886b2598320c0c8d7cd4ca0d2105a4b044028944cc828814 seconds=27.64 tokens=26 finish=stop
worker=0 91/106 id=e32de4ebee0d0ffe7e2b6156d4407883d5d077c98aed26e325e4bc44ee8f9747 seconds=20.44 tokens=26 finish=stop
worker=1 84/106 id=d57936e20953e844f5bf4b34e37286e8e23f94f7c32e1a763380408249e52754 seconds=25.73 tokens=29 finish=stop
worker=0 92/106 id=e3c1962ed0f37a9d0c972224ed7a0d691380f70323f808753504e4d0faada794 seconds=20.47 tokens=28 finish=stop
worker=1 85/106 id=d76081009a390c9a79a4503a58a68d9c1c172dcc955a93f6c45cb0865a0cca92 seconds=30.12 tokens=23 finish=stop
worker=0 93/106 id=e5b0c6129369293cf4bcfa1d4698daba58ab8210924ceaab68e68af663c1a54e seconds=27.75 tokens=32 finish=stop
worker=1 86/106 id=d8483402b6ac8fd61b10c0ea02414ad2ef2a93fa74d1db14d75adce685edcee5 seconds=27.75 tokens=18 finish=stop
worker=0 94/106 id=e98f1d6ea1a69e1720920e7f96fa520e3af7d2c71acc1ad09aa3f3d8be8194f9 seconds=25.60 tokens=32 finish=stop
worker=1 87/106 id=db29fe6b2de54cf3582f8957ff1a746ea9d5c729033a85ff5c86ad2f1c825b9f seconds=12.20 tokens=29 finish=stop
worker=0 95/106 id=ea5e142ebbe63cc1c1b139805df5c30566cb0ff1822b77c377b105758aea0e87 seconds=15.66 tokens=28 finish=stop
worker=0 96/106 id=ebe7c7f1ac2b6a28d49bdc7053b14107b18239d1d5bd354306b396f87e27d3ec seconds=12.62 tokens=28 finish=stop
worker=1 88/106 id=dbf6579ce50f56242bff1365679c446959d18779baf13f3e40e411e71a38e991 seconds=24.53 tokens=22 finish=stop
worker=0 97/106 id=eebbd3844f598d7ddb3a289d66c493d5b7708b8d3222d5276e8cb95896b26dd8 seconds=20.59 tokens=23 finish=stop
worker=1 89/106 id=ddf1e561ea380d380ca3df24668d4d0c68a51a490360abf1aec86a0cb6ee4551 seconds=20.89 tokens=31 finish=stop
worker=0 98/106 id=f003e70f4a66eefbba898b34c5fe81cdacd639db305c6a88b52a1de11ced5408 seconds=19.14 tokens=27 finish=stop
worker=1 90/106 id=e1759a453186a0bb2d75a38d61777fd85409fa3fae674e4744f4ce62be263510 seconds=15.56 tokens=18 finish=stop
worker=0 99/106 id=f088b0750215abea84f75ccd020fd49b32220346e6517f34a92ce2aa262cf8bf seconds=29.10 tokens=26 finish=stop
worker=1 91/106 id=e39f0b904d4d35ae1c2c22077468ae8e3f64da84f6cb86894572b0570bfb36f7 seconds=39.42 tokens=32 finish=stop
worker=0 100/106 id=f3c8093c06e9000643a21f9beb63755583857aba529b830a5f0081a4b437f8dd seconds=25.05 tokens=28 finish=stop
worker=1 92/106 id=e525e3b6e6f396399e3f305c175d24bbdae9341d727ca48e0db77a8b6359e6da seconds=30.72 tokens=25 finish=stop
worker=0 101/106 id=f62686ec35847af4857aaaf0f89cf601dddd64edf3bbe4461f1382c566d53840 seconds=24.49 tokens=25 finish=stop
worker=0 102/106 id=f702626e953e6330b052c82e0063e583f3438de84fb3c969a256e47f469c5e7a seconds=16.22 tokens=28 finish=stop
worker=1 93/106 id=e664ec793bac508eaf2ce060399161d98a32c0e70ffb024193e8315cd1a43678 seconds=46.25 tokens=28 finish=stop
worker=0 103/106 id=fa61542478eeda1ca1b0af54cd538df37622a25050716ccd4b7a71d16bb125ec seconds=26.85 tokens=26 finish=stop
worker=1 94/106 id=e9bc997f0f54835bb586aa40cc0a92b0c842be5ac2ea7126e4b0089733de9c5f seconds=19.80 tokens=32 finish=stop
worker=0 104/106 id=fb01d0e90bb14ace456016df174db4f8c4785f0b441dfad078e49def590aee04 seconds=23.41 tokens=25 finish=stop
worker=1 95/106 id=eb4c4a988881113609038a3f03c083d39a6c762045ddfe63c79f717d8ab03917 seconds=18.67 tokens=23 finish=stop
worker=0 105/106 id=fc667e96b21672a8721c77aba997d48ac8efd5f4373e366ae7375bf6e7fc8129 seconds=65.25 tokens=32 finish=stop
worker=1 96/106 id=ed1290d71a84a7272724340282576679727cb9df769bc43082d9f6e7155eaab7 seconds=62.01 tokens=32 finish=stop
worker=0 106/106 id=ff0bd19b7e4603d338bc9692e6f010e9b478865efcec1e08f2f752de4dc2a2d7 seconds=60.19 tokens=18 finish=stop
worker completed 106
worker=1 97/106 id=ef11dc13226600792103645cdfb7e5d55df3d009d256e370c5767fe61eb11ffd seconds=53.79 tokens=33 finish=stop
worker=1 98/106 id=f05529e125f119048fb559fd01f68e375e4cef1ccc5e3db8f9e08367b33a68c4 seconds=22.75 tokens=36 finish=stop
worker=1 99/106 id=f17d7cf4472275f7367b04da321f9f54f17e8c0398e060b6c22c4401d8a0b803 seconds=16.49 tokens=18 finish=stop
worker=1 100/106 id=f5561b34d0ce1fe54fa0ff25acdf593077e983a8f6963ea6cf731a026a19325f seconds=25.12 tokens=29 finish=stop
worker=1 101/106 id=f66056e08cd0523b397f747bbaaf57b4326284738218f712a60322237672a157 seconds=12.52 tokens=26 finish=stop
worker=1 102/106 id=f9f579674ddd5b1e91ea8324eeab466e9a87176b6a31036bc721971dba413b82 seconds=22.00 tokens=32 finish=stop
worker=1 103/106 id=faaa57f18b2587ee35104802ddbc4316515f3b678884dd5d6d3a471dc248e251 seconds=12.97 tokens=26 finish=stop
worker=1 104/106 id=fbd70c22360b8bd95576d50822ce0593f8242a80ef90b6075484d357bc70c542 seconds=26.23 tokens=24 finish=stop
worker=1 105/106 id=fdce6a3fdd504d13e5539de8642e156d880a73d900dd209fcbef692702e1ef8f seconds=18.63 tokens=22 finish=stop
worker=1 106/106 id=ff0f32de5676dc8843a81f448d335afb941073bfe7c9b9a4d579453fe77951ec seconds=43.19 tokens=26 finish=stop
worker completed 106
