{
  "status": "passed",
  "queries": 830,
  "articles": 251,
  "context_offsets_verified": 41437,
  "gold_anchors_verified": 887,
  "metrics": {
    "earliest_completion": {
      "span_recall": 0.578714859437751,
      "all_spans": 0.572289156626506,
      "parent_hit": 0.5951807228915663,
      "words": 351.50963855421685,
      "units": 4.991566265060241
    },
    "guaranteed_support": {
      "span_recall": 0.578714859437751,
      "all_spans": 0.572289156626506,
      "parent_hit": 0.5951807228915663,
      "words": 351.5433734939759,
      "units": 4.991566265060241
    },
    "interval_outer_control": {
      "span_recall": 0.5775100401606426,
      "all_spans": 0.5710843373493976,
      "parent_hit": 0.5951807228915663,
      "words": 350.5457831325301,
      "units": 4.991566265060241
    },
    "latest_completion": {
      "span_recall": 0.5775100401606426,
      "all_spans": 0.5710843373493976,
      "parent_hit": 0.5951807228915663,
      "words": 350.57951807228915,
      "units": 4.991566265060241
    },
    "latest_mentioned_year_top20": {
      "span_recall": 0.6359437751004017,
      "all_spans": 0.6301204819277109,
      "parent_hit": 0.6518072289156627,
      "words": 358.6879518072289,
      "units": 4.985542168674699
    },
    "midpoint_completion": {
      "span_recall": 0.5775100401606426,
      "all_spans": 0.5710843373493976,
      "parent_hit": 0.5939759036144578,
      "words": 350.6963855421687,
      "units": 4.991566265060241
    },
    "no_temporal_filter": {
      "span_recall": 0.5738955823293173,
      "all_spans": 0.5674698795180723,
      "parent_hit": 0.5963855421686747,
      "words": 346.9746987951807,
      "units": 4.991566265060241
    },
    "original_bm25": {
      "span_recall": 0.4389558232931727,
      "all_spans": 0.43253012048192774,
      "parent_hit": 0.4674698795180723,
      "words": 185.9879518072289,
      "units": 4.998795180722891
    },
    "original_bm25_latestyear": {
      "span_recall": 0.5238955823293172,
      "all_spans": 0.516867469879518,
      "parent_hit": 0.5457831325301205,
      "words": 241.74096385542168,
      "units": 4.998795180722891
    },
    "possible_support": {
      "span_recall": 0.5775100401606426,
      "all_spans": 0.5710843373493976,
      "parent_hit": 0.5951807228915663,
      "words": 350.5457831325301,
      "units": 4.991566265060241
    }
  },
  "paired_span_contrasts": {
    "no_temporal_filter minus original_bm25_latestyear": {
      "difference": 0.05,
      "ci95": [
        0.00847457627118644,
        0.09317904993909866
      ],
      "clusters": 251,
      "repetitions": 2000,
      "seed": 20261006,
      "sampler": "Python random.choices; independent resample sequence from primary scorer"
    },
    "no_temporal_filter minus original_bm25": {
      "difference": 0.13493975903614458,
      "ci95": [
        0.09813084112149532,
        0.17475728155339806
      ],
      "clusters": 251,
      "repetitions": 2000,
      "seed": 20261006,
      "sampler": "Python random.choices; independent resample sequence from primary scorer"
    },
    "possible_support minus no_temporal_filter": {
      "difference": 0.0036144578313253013,
      "ci95": [
        0.0,
        0.009673518742442563
      ],
      "clusters": 251,
      "repetitions": 2000,
      "seed": 20261006,
      "sampler": "Python random.choices; independent resample sequence from primary scorer"
    },
    "guaranteed_support minus possible_support": {
      "difference": 0.0012048192771084338,
      "ci95": [
        0.0,
        0.0037546933667083854
      ],
      "clusters": 251,
      "repetitions": 2000,
      "seed": 20261006,
      "sampler": "Python random.choices; independent resample sequence from primary scorer"
    },
    "possible_support minus interval_outer_control": {
      "difference": 0.0,
      "ci95": [
        0.0,
        0.0
      ],
      "clusters": 251,
      "repetitions": 2000,
      "seed": 20261006,
      "sampler": "Python random.choices; independent resample sequence from primary scorer"
    },
    "latest_mentioned_year_top20 minus no_temporal_filter": {
      "difference": 0.06204819277108434,
      "ci95": [
        0.024840764331210193,
        0.09964200477326969
      ],
      "clusters": 251,
      "repetitions": 2000,
      "seed": 20261006,
      "sampler": "Python random.choices; independent resample sequence from primary scorer"
    }
  },
  "elapsed_seconds": 1.7872886657714844,
  "input_sha256": {
    "pass4/pipeline/human/predictions.jsonl": "cbd2867dc0fed4d5d83caaf4e405c37e4273284fa404a06a2c702913dca34912",
    "pass3/protocol/human_test_confirmation_labels.jsonl": "b8af351e1566c794de94092c31dbecddcf8c98e931ffcfee1f06230c7e224307",
    "pass3/protocol/test_source_passages.jsonl": "335280e036457357d6f1716d623e77e98445836c8615fa3f7cd7e7b3c233e75a",
    "/workspace/scratch/956c06247f78/ACL2027_pass3/pass4/retrieval/independent_score.py": "e56b409a8ffaee2c8ec10dd2d0aa2c80820b1adf6d09ad51fefc4ecba1ffb3f1"
  }
}
